ARM Linker, 4.1 [Build 894] [Standard]

==============================================================================

Section Cross References

    startup_stm32f10x_hd.o(RESET) refers to startup_stm32f10x_hd.o(STACK) for __initial_sp
    startup_stm32f10x_hd.o(RESET) refers to startup_stm32f10x_hd.o(.text) for Reset_Handler
    startup_stm32f10x_hd.o(RESET) refers to stm32f10x_it.o(.text) for NMI_Handler
    startup_stm32f10x_hd.o(RESET) refers to os_cpu_a.o(.text) for PendSV_Handler
    startup_stm32f10x_hd.o(RESET) refers to usb_it.o(.text) for USB_LP_CAN1_RX0_IRQHandler
    startup_stm32f10x_hd.o(.text) refers to system_stm32f10x.o(.text) for SystemInit
    startup_stm32f10x_hd.o(.text) refers to entry.o(.ARM.Collect$$$$00000000) for __main
    stm32f10x_rcc.o(.text) refers to stm32f10x_rcc.o(.data) for .data
    stm32f10x_gpio.o(.text) refers to stm32f10x_rcc.o(.text) for RCC_APB2PeriphResetCmd
    stm32f10x_tim.o(.text) refers to stm32f10x_rcc.o(.text) for RCC_APB2PeriphResetCmd
    stm32f10x_usart.o(.text) refers to stm32f10x_rcc.o(.text) for RCC_APB2PeriphResetCmd
    stm32f10x_adc.o(.text) refers to stm32f10x_rcc.o(.text) for RCC_APB2PeriphResetCmd
    system_stm32f10x.o(.text) refers to system_stm32f10x.o(.data) for .data
    main.o(.text) refers to ds18b20.o(.text) for DS18B20_Get_wd
    main.o(.text) refers to dfltui.o(.text) for __aeabi_ui2d
    main.o(.text) refers to dmul.o(.text) for __aeabi_dmul
    main.o(.text) refers to d2f.o(.text) for __aeabi_d2f
    main.o(.text) refers to dscalb.o(.text) for __ARM_scalbn
    main.o(.text) refers to f2d.o(.text) for __aeabi_f2d
    main.o(.text) refers to printfa.o(i.__0printf) for __2printf
    main.o(.text) refers to pbdata.o(.text) for delay_ms
    main.o(.text) refers to func.o(.text) for Func_Temperature_Heat
    main.o(.text) refers to heat.o(.text) for Heat3_Control
    main.o(.text) refers to stm32f10x_gpio.o(.text) for GPIO_SetBits
    main.o(.text) refers to ad.o(.text) for Process_AD_Value
    main.o(.text) refers to os_sem.o(.text) for OSSemPend
    main.o(.text) refers to hw_config.o(.text) for USB_TxWrite
    main.o(.text) refers to pbdata.o(.data) for G_Temperature_Disp
    main.o(.text) refers to pbdata.o(.data) for G_Heat3_Start
    main.o(.text) refers to pbdata.o(.data) for G_Heat1_Start
    main.o(.text) refers to pbdata.o(.data) for G_Heat2_Start
    main.o(.text) refers to pbdata.o(.data) for Target_Temperature
    main.o(.text) refers to pbdata.o(.data) for G_Power_On_Off_Fre
    main.o(.text) refers to pbdata.o(.data) for G_Power_On_Off
    main.o(.text) refers to pbdata.o(.data) for G_Beep_on_off
    main.o(.text) refers to ad.o(.data) for AD_MODE
    main.o(.text) refers to usb_config.o(.bss) for G_USB_Buffer
    main.o(.text) refers to pbdata.o(.data) for G_Func_Running
    main.o(.text) refers to pbdata.o(.data) for Func_Sem
    main.o(.text) refers to pbdata.o(.data) for G_Func_Type
    main.o(.text) refers to os_cpu_a.o(.text) for OS_CPU_SR_Save
    main.o(.text) refers to usb_config.o(.text) for USB_Buffer_CMD_Clear
    main.o(.text) refers to uart.o(.text) for UART_Buffer_CMD_Send1
    main.o(.text) refers to memseta.o(.text) for __aeabi_memclr4
    main.o(.text) refers to flash.o(.text) for Flash_Read_K_B_T
    main.o(.text) refers to os_core.o(.text) for OSStatInit
    main.o(.text) refers to os_task.o(.text) for OSTaskCreate
    main.o(.text) refers to crc32.o(.text) for make_crc32_table
    main.o(.text) refers to pbdata.o(.data) for G_Computer_Connect_Flag
    main.o(.text) refers to uart.o(.data) for G_UART_Buffer_Size
    main.o(.text) refers to uart.o(.bss) for G_UART_Buffer
    main.o(.text) refers to pbdata.o(.data) for G_Error_Type
    main.o(.text) refers to pbdata.o(.data) for G_Pre_Cmd_Type
    main.o(.text) refers to pbdata.o(.data) for G_Curr_Cmd_Type
    main.o(.text) refers to usb_config.o(.data) for G_USB_Buffer_Size
    main.o(.text) refers to main.o(.bss) for .bss
    pbdata.o(.text) refers to stm32f10x_rcc.o(.text) for RCC_DeInit
    pbdata.o(.text) refers to stm32f10x_flash.o(.text) for FLASH_SetLatency
    pbdata.o(.text) refers to stm32f10x_gpio.o(.text) for GPIO_Init
    pbdata.o(.text) refers to misc.o(.text) for SysTick_CLKSourceConfig
    pbdata.o(.text) refers to stm32f10x_exti.o(.text) for EXTI_ClearITPendingBit
    pbdata.o(.text) refers to os_time.o(.text) for OSTimeDly
    pbdata.o(.text) refers to hw_config.o(.text) for USB_TxWrite
    pbdata.o(.text) refers to system_stm32f10x.o(.data) for SystemCoreClock
    pbdata.o(.text) refers to pbdata.o(.data) for .data
    pbdata.o(.text) refers to os_core.o(.data) for OSRunning
    stm32f10x_it.o(.text) refers to stm32f10x_usart.o(.text) for USART_GetITStatus
    stm32f10x_it.o(.text) refers to os_core.o(.text) for OSIntEnter
    stm32f10x_it.o(.text) refers to stm32f10x_exti.o(.text) for EXTI_GetITStatus
    stm32f10x_it.o(.text) refers to pbdata.o(.text) for delay_ms
[...]
    TIM_GetCapture3                          0x080013cd   Thumb Code     4  stm32f10x_tim.o(.text)
    TIM_GetCapture4                          0x080013d1   Thumb Code     6  stm32f10x_tim.o(.text)
    TIM_GetCounter                           0x080013d7   Thumb Code     4  stm32f10x_tim.o(.text)
    TIM_GetPrescaler                         0x080013db   Thumb Code     4  stm32f10x_tim.o(.text)
    TIM_GetFlagStatus                        0x080013df   Thumb Code    14  stm32f10x_tim.o(.text)
    TIM_ClearFlag                            0x080013ed   Thumb Code     6  stm32f10x_tim.o(.text)
    TIM_GetITStatus                          0x080013f3   Thumb Code    24  stm32f10x_tim.o(.text)
    TIM_ClearITPendingBit                    0x0800140b   Thumb Code     6  stm32f10x_tim.o(.text)
    USART_DeInit                             0x08001411   Thumb Code   144  stm32f10x_usart.o(.text)
    USART_Init                               0x080014a1   Thumb Code   184  stm32f10x_usart.o(.text)
    USART_StructInit                         0x08001559   Thumb Code    22  stm32f10x_usart.o(.text)
    USART_ClockInit                          0x0800156f   Thumb Code    30  stm32f10x_usart.o(.text)
    USART_ClockStructInit                    0x0800158d   Thumb Code    12  stm32f10x_usart.o(.text)
    USART_Cmd                                0x08001599   Thumb Code    22  stm32f10x_usart.o(.text)
    USART_ITConfig                           0x080015af   Thumb Code    54  stm32f10x_usart.o(.text)
    USART_DMACmd                             0x080015e5   Thumb Code    18  stm32f10x_usart.o(.text)
    USART_SetAddress                         0x080015f7   Thumb Code    16  stm32f10x_usart.o(.text)
    USART_WakeUpConfig                       0x08001607   Thumb Code    16  stm32f10x_usart.o(.text)
    USART_ReceiverWakeUpCmd                  0x08001617   Thumb Code    22  stm32f10x_usart.o(.text)
    USART_LINBreakDetectLengthConfig         0x0800162d   Thumb Code    16  stm32f10x_usart.o(.text)
    USART_LINCmd                             0x0800163d   Thumb Code    22  stm32f10x_usart.o(.text)
    USART_SendData                           0x08001653   Thumb Code     8  stm32f10x_usart.o(.text)
    USART_ReceiveData                        0x0800165b   Thumb Code     8  stm32f10x_usart.o(.text)
    USART_SendBreak                          0x08001663   Thumb Code    10  stm32f10x_usart.o(.text)
    USART_SetGuardTime                       0x0800166d   Thumb Code    16  stm32f10x_usart.o(.text)
    USART_SetPrescaler                       0x0800167d   Thumb Code    16  stm32f10x_usart.o(.text)
    USART_SmartCardCmd                       0x0800168d   Thumb Code    22  stm32f10x_usart.o(.text)
    USART_SmartCardNACKCmd                   0x080016a3   Thumb Code    22  stm32f10x_usart.o(.text)
    USART_HalfDuplexCmd                      0x080016b9   Thumb Code    22  stm32f10x_usart.o(.text)
    USART_OverSampling8Cmd                   0x080016cf   Thumb Code    22  stm32f10x_usart.o(.text)
    USART_OneBitMethodCmd                    0x080016e5   Thumb Code    22  stm32f10x_usart.o(.text)
    USART_IrDAConfig                         0x080016fb   Thumb Code    16  stm32f10x_usart.o(.text)
    USART_IrDACmd                            0x0800170b   Thumb Code    22  stm32f10x_usart.o(.text)
    USART_GetFlagStatus                      0x08001721   Thumb Code    14  stm32f10x_usart.o(.text)
    USART_ClearFlag                          0x0800172f   Thumb Code     8  stm32f10x_usart.o(.text)
    USART_GetITStatus                        0x08001737   Thumb Code    64  stm32f10x_usart.o(.text)
    USART_ClearITPendingBit                  0x08001777   Thumb Code    16  stm32f10x_usart.o(.text)
    ADC_DeInit                               0x0800179d   Thumb Code    88  stm32f10x_adc.o(.text)
    ADC_Init                                 0x080017f5   Thumb Code    62  stm32f10x_adc.o(.text)
    ADC_StructInit                           0x08001833   Thumb Code    18  stm32f10x_adc.o(.text)
    ADC_Cmd                                  0x08001845   Thumb Code    22  stm32f10x_adc.o(.text)
    ADC_DMACmd                               0x0800185b   Thumb Code    22  stm32f10x_adc.o(.text)
    ADC_ITConfig                             0x08001871   Thumb Code    20  stm32f10x_adc.o(.text)
    ADC_ResetCalibration                     0x08001885   Thumb Code    10  stm32f10x_adc.o(.text)
    ADC_GetResetCalibrationStatus            0x0800188f   Thumb Code    14  stm32f10x_adc.o(.text)
    ADC_StartCalibration                     0x0800189d   Thumb Code    10  stm32f10x_adc.o(.text)
    ADC_GetCalibrationStatus                 0x080018a7   Thumb Code    14  stm32f10x_adc.o(.text)
    ADC_SoftwareStartConvCmd                 0x080018b5   Thumb Code    22  stm32f10x_adc.o(.text)
    ADC_GetSoftwareStartConvStatus           0x080018cb   Thumb Code    14  stm32f10x_adc.o(.text)
    ADC_DiscModeChannelCountConfig           0x080018d9   Thumb Code    16  stm32f10x_adc.o(.text)
    ADC_DiscModeCmd                          0x080018e9   Thumb Code    22  stm32f10x_adc.o(.text)
    ADC_RegularChannelConfig                 0x080018ff   Thumb Code   116  stm32f10x_adc.o(.text)
    ADC_ExternalTrigConvCmd                  0x08001973   Thumb Code    22  stm32f10x_adc.o(.text)
    ADC_GetConversionValue                   0x08001989   Thumb Code     6  stm32f10x_adc.o(.text)
    ADC_GetDualModeConversionValue           0x0800198f   Thumb Code     8  stm32f10x_adc.o(.text)
    ADC_AutoInjectedConvCmd                  0x08001997   Thumb Code    22  stm32f10x_adc.o(.text)
    ADC_InjectedDiscModeCmd                  0x080019ad   Thumb Code    22  stm32f10x_adc.o(.text)
    ADC_ExternalTrigInjectedConvConfig       0x080019c3   Thumb Code    12  stm32f10x_adc.o(.text)
    ADC_ExternalTrigInjectedConvCmd          0x080019cf   Thumb Code    22  stm32f10x_adc.o(.text)
    ADC_SoftwareStartInjectedConvCmd         0x080019e5   Thumb Code    22  stm32f10x_adc.o(.text)
    ADC_GetSoftwareStartInjectedConvCmdStatus 0x080019fb   Thumb Code    14  stm32f10x_adc.o(.text)
    ADC_InjectedChannelConfig                0x08001a09   Thumb Code    74  stm32f10x_adc.o(.text)
    ADC_InjectedSequencerLengthConfig        0x08001a53   Thumb Code    16  stm32f10x_adc.o(.text)
    ADC_SetInjectedOffset                    0x08001a63   Thumb Code     6  stm32f10x_adc.o(.text)
    ADC_GetInjectedConversionValue           0x08001a69   Thumb Code     8  stm32f10x_adc.o(.text)
    ADC_AnalogWatchdogCmd                    0x08001a71   Thumb Code    12  stm32f10x_adc.o(.text)
    ADC_AnalogWatchdogThresholdsConfig       0x08001a7d   Thumb Code     6  stm32f10x_adc.o(.text)
    ADC_AnalogWatchdogSingleChannelConfig    0x08001a83   Thumb Code    12  stm32f10x_adc.o(.text)
    ADC_TempSensorVrefintCmd                 0x08001a8f   Thumb Code    26  stm32f10x_adc.o(.text)
    ADC_GetFlagStatus                        0x08001aa9   Thumb Code    14  stm32f10x_adc.o(.text)
    ADC_ClearFlag                            0x08001ab7   Thumb Code     6  stm32f10x_adc.o(.text)
    ADC_GetITStatus                          0x08001abd   Thumb Code    28  stm32f10x_adc.o(.text)
    ADC_ClearITPendingBit                    0x08001ad9   Thumb Code     8  stm32f10x_adc.o(.text)
    DMA_DeInit                               0x08001af9   Thumb Code   238  stm32f10x_dma.o(.text)
    DMA_Init                                 0x08001be7   Thumb Code    58  stm32f10x_dma.o(.text)
    DMA_StructInit                           0x08001c21   Thumb Code    26  stm32f10x_dma.o(.text)
    DMA_Cmd                                  0x08001c3b   Thumb Code    24  stm32f10x_dma.o(.text)
    DMA_ITConfig                             0x08001c53   Thumb Code    18  stm32f10x_dma.o(.text)
    DMA_SetCurrDataCounter                   0x08001c65   Thumb Code     4  stm32f10x_dma.o(.text)
    DMA_GetCurrDataCounter                   0x08001c69   Thumb Code     6  stm32f10x_dma.o(.text)
    DMA_GetFlagStatus                        0x08001c6f   Thumb Code    30  stm32f10x_dma.o(.text)
    DMA_ClearFlag                            0x08001c8d   Thumb Code    20  stm32f10x_dma.o(.text)
    DMA_GetITStatus                          0x08001ca1   Thumb Code    30  stm32f10x_dma.o(.text)
    DMA_ClearITPendingBit                    0x08001cbf   Thumb Code    20  stm32f10x_dma.o(.text)
    FLASH_SetLatency                         0x08001cdd   Thumb Code    14  stm32f10x_flash.o(.text)
    FLASH_HalfCycleAccessCmd                 0x08001ceb   Thumb Code    18  stm32f10x_flash.o(.text)
    FLASH_PrefetchBufferCmd                  0x08001cfd   Thumb Code    18  stm32f10x_flash.o(.text)
    FLASH_Unlock                             0x08001d0f   Thumb Code    12  stm32f10x_flash.o(.text)
    FLASH_UnlockBank1                        0x08001d1b   Thumb Code    12  stm32f10x_flash.o(.text)
    FLASH_Lock                               0x08001d27   Thumb Code    12  stm32f10x_flash.o(.text)
    FLASH_LockBank1                          0x08001d33   Thumb Code    12  stm32f10x_flash.o(.text)
    FLASH_GetBank1Status                     0x08001d3f   Thumb Code    34  stm32f10x_flash.o(.text)
    FLASH_WaitForLastOperation               0x08001d61   Thumb Code    32  stm32f10x_flash.o(.text)
    FLASH_ErasePage                          0x08001d81   Thumb Code    56  stm32f10x_flash.o(.text)
    FLASH_EraseAllPages                      0x08001db9   Thumb Code    52  stm32f10x_flash.o(.text)
    FLASH_WaitForLastBank1Operation          0x08001ded   Thumb Code    32  stm32f10x_flash.o(.text)
    FLASH_EraseAllBank1Pages                 0x08001e0d   Thumb Code    52  stm32f10x_flash.o(.text)
    FLASH_GetReadOutProtectionStatus         0x08001e41   Thumb Code    14  stm32f10x_flash.o(.text)
    FLASH_EraseOptionBytes                   0x08001e4f   Thumb Code   120  stm32f10x_flash.o(.text)
    FLASH_ProgramWord                        0x08001ec7   Thumb Code    76  stm32f10x_flash.o(.text)
    FLASH_ProgramHalfWord                    0x08001f13   Thumb Code    48  stm32f10x_flash.o(.text)
    FLASH_ProgramOptionByteData              0x08001f43   Thumb Code    62  stm32f10x_flash.o(.text)
    FLASH_EnableWriteProtection              0x08001f81   Thumb Code   158  stm32f10x_flash.o(.text)
    FLASH_ReadOutProtection                  0x0800201f   Thumb Code   120  stm32f10x_flash.o(.text)
    FLASH_UserOptionByteConfig               0x08002097   Thumb Code    96  stm32f10x_flash.o(.text)
    FLASH_GetUserOptionByte                  0x080020f7   Thumb Code     8  stm32f10x_flash.o(.text)
    FLASH_GetWriteProtectionOptionByte       0x080020ff   Thumb Code     6  stm32f10x_flash.o(.text)
    FLASH_GetPrefetchBufferStatus            0x08002105   Thumb Code    14  stm32f10x_flash.o(.text)
    FLASH_ITConfig                           0x08002113   Thumb Code    20  stm32f10x_flash.o(.text)
    FLASH_GetFlagStatus                      0x08002127   Thumb Code    30  stm32f10x_flash.o(.text)
    FLASH_ClearFlag                          0x08002145   Thumb Code     6  stm32f10x_flash.o(.text)
    FLASH_GetStatus                          0x0800214b   Thumb Code    34  stm32f10x_flash.o(.text)
    SystemInit                               0x08002205   Thumb Code    64  system_stm32f10x.o(.text)
    SystemCoreClockUpdate                    0x08002245   Thumb Code   104  system_stm32f10x.o(.text)
    TEMP_task                                0x080022cd   Thumb Code   258  main.o(.text)
    LAMP_task                                0x080023cf   Thumb Code    56  main.o(.text)
    BEEP_task                                0x08002407   Thumb Code    62  main.o(.text)
    Ad_task                                  0x08002445   Thumb Code   102  main.o(.text)
    FUNC_task                                0x080024ab   Thumb Code  1082  main.o(.text)
    UART_task                                0x080028e5   Thumb Code   110  main.o(.text)
    USB_task                                 0x08002953   Thumb Code   178  main.o(.text)
    start_task                               0x08002a05   Thumb Code   136  main.o(.text)
    main                                     0x08002a8d   Thumb Code    88  main.o(.text)
    RCC_HSE_Configuration                    0x08002b49   Thumb Code    96  pbdata.o(.text)
    RCC_Configuration                        0x08002ba9   Thumb Code   104  pbdata.o(.text)
    GPIO_Configuration                       0x08002c11   Thumb Code   418  pbdata.o(.text)
    SysTick_Configuration                    0x08002db3   Thumb Code    30  pbdata.o(.text)
    EXIT_Configuraation                      0x08002dd1   Thumb Code    46  pbdata.o(.text)
    NVIC_Configuration                       0x08002dff   Thumb Code    38  pbdata.o(.text)
    my_SystemInit                            0x08002e25   Thumb Code    78  pbdata.o(.text)
    Delay_Init                               0x08002e73   Thumb Code    58  pbdata.o(.text)
    delay_us                                 0x08002ead   Thumb Code    50  pbdata.o(.text)
    delay_ms                                 0x08002edf   Thumb Code    50  pbdata.o(.text)
    fputc                                    0x08002f11   Thumb Code    22  pbdata.o(.text)
    NMI_Handler                              0x08002f4d   Thumb Code     2  stm32f10x_it.o(.text)
    USART1_IRQHandler                        0x08002f4f   Thumb Code    76  stm32f10x_it.o(.text)
    USART2_IRQHandler                        0x08002f9b   Thumb Code     2  stm32f10x_it.o(.text)
    HardFault_Handler                        0x08002f9d   Thumb Code     2  stm32f10x_it.o(.text)
    MemManage_Handler                        0x08002f9f   Thumb Code     2  stm32f10x_it.o(.text)
    BusFault_Handler                         0x08002fa1   Thumb Code     2  stm32f10x_it.o(.text)
    UsageFault_Handler                       0x08002fa3   Thumb Code     2  stm32f10x_it.o(.text)
    SVC_Handler                              0x08002fa5   Thumb Code     2  stm32f10x_it.o(.text)
    DebugMon_Handler                         0x08002fa7   Thumb Code     2  stm32f10x_it.o(.text)
    SysTick_Handler                          0x08002fa9   Thumb Code    18  stm32f10x_it.o(.text)
    EXTI9_5_IRQHandler                       0x08002fbb   Thumb Code    74  stm32f10x_it.o(.text)
    EXTI1_IRQHandler                         0x08003005   Thumb Code     2  stm32f10x_it.o(.text)
    EXTI2_IRQHandler                         0x08003007   Thumb Code     2  stm32f10x_it.o(.text)
    EXTI3_IRQHandler                         0x08003009   Thumb Code     2  stm32f10x_it.o(.text)
    Plate_Motor_Reset                        0x08003025   Thumb Code   348  motor.o(.text)
    Plate_Motor_Run                          0x08003181   Thumb Code   220  motor.o(.text)
    Plate_Motor_Shake                        0x0800325d   Thumb Code   210  motor.o(.text)
    Plate_Motor_Position                     0x0800332f   Thumb Code   300  motor.o(.text)
    Filter_Motor_Run                         0x0800345b   Thumb Code   358  motor.o(.text)
    Filter_Motor_Reset                       0x080035c1   Thumb Code   124  motor.o(.text)
    Filter_Motor_Location                    0x0800363d   Thumb Code   156  motor.o(.text)
    Filter_Plate_Motor_Loop                  0x080036d9   Thumb Code   422  motor.o(.text)
    USART_Configuration                      0x08003889   Thumb Code    70  uart.o(.text)
    UART_Receive_Data_Over                   0x080038cf   Thumb Code    32  uart.o(.text)
    UART_Buffer_CMD_Clear                    0x080038ef   Thumb Code    24  uart.o(.text)
    UART_Receive_Data_Valid                  0x08003907   Thumb Code    16  uart.o(.text)
    UART_Buffer_CMD_Send                     0x08003917   Thumb Code    38  uart.o(.text)
    UART_Buffer_CMD_Send1                    0x0800393d   Thumb Code    46  uart.o(.text)
    ADC_Configuration_Mode2                  0x08003979   Thumb Code   190  ad.o(.text)
    ADC_Configuration_Mode1                  0x08003a37   Thumb Code   102  ad.o(.text)
    ADC_Configuration                        0x08003a9d   Thumb Code    12  ad.o(.text)
    DMA_Configuration_Mode2                  0x08003aa9   Thumb Code    64  ad.o(.text)
    DMA_Configuration_Mode1                  0x08003ae9   Thumb Code    62  ad.o(.text)
    DMA_Configuration                        0x08003b27   Thumb Code    16  ad.o(.text)
    AD_Sample_Mode0                          0x08003b37   Thumb Code    46  ad.o(.text)
    AD_Sample_Mode1                          0x08003b65   Thumb Code    88  ad.o(.text)
    AD_Sample_Mode2                          0x08003bbd   Thumb Code    58  ad.o(.text)
    Process_AD_Value                         0x08003bf7   Thumb Code   324  ad.o(.text)
    Printf_AD_Value_Average                  0x08003d3b   Thumb Code    56  ad.o(.text)
    Printf_AD_Value                          0x08003d73   Thumb Code   324  ad.o(.text)
    USB_Output_AD_Value                      0x08003eb7   Thumb Code   174  ad.o(.text)
    Clear_AD_Value                           0x08003f65   Thumb Code    76  ad.o(.text)
    Adc_Init                                 0x08003fb1   Thumb Code    88  ad.o(.text)
    Get_Adc                                  0x08004009   Thumb Code    46  ad.o(.text)
    Get_Adc_Average                          0x08004037   Thumb Code    58  ad.o(.text)
    Get_Adc_Mode0                            0x08004071   Thumb Code   190  ad.o(.text)
    Func_Front_Connect_Test                  0x080041c9   Thumb Code    20  func.o(.text)
    Func_Front_Self_Test                     0x080041dd   Thumb Code    26  func.o(.text)
    Func_Sample_Test_Prepare                 0x080041f7   Thumb Code    20  func.o(.text)
    Func_Sample_Test_Start                   0x0800420b   Thumb Code    20  func.o(.text)
    Func_Sample_Test_Stop                    0x0800421f   Thumb Code    20  func.o(.text)
    Func_Com_On                              0x08004233   Thumb Code    20  func.o(.text)
    Func_Com_Off                             0x08004247   Thumb Code    20  func.o(.text)
    Func_USB_On                              0x0800425b   Thumb Code    20  func.o(.text)
    Func_USB_Off                             0x0800426f   Thumb Code    20  func.o(.text)
    Func_Light_On                            0x08004283   Thumb Code    30  func.o(.text)
    Func_Light_Off                           0x080042a1   Thumb Code    48  func.o(.text)
    Func_Temperature_Hot                     0x080042d1   Thumb Code    30  func.o(.text)
    Func_Temperature_Cold                    0x080042ef   Thumb Code    50  func.o(.text)
    Func_Temperature_Idle                    0x08004321   Thumb Code    62  func.o(.text)
    Func_Temperature_Heat                    0x0800435f   Thumb Code    12  func.o(.text)
    Func_Temperature_Off                     0x0800436b   Thumb Code    80  func.o(.text)
    Func_Peltier_Board_Heat                  0x080043bb   Thumb Code    12  func.o(.text)
    Func_Peltier_Board_Cold                  0x080043c7   Thumb Code    12  func.o(.text)
    Func_Plate_Motor_Reset                   0x080043d3   Thumb Code    34  func.o(.text)
    Func_Plate_Motor_Run                     0x080043f5   Thumb Code    46  func.o(.text)
    Func_Plate_Motor_Position                0x08004423   Thumb Code    28  func.o(.text)
    Func_Plate_Motor_Shake                   0x0800443f   Thumb Code    74  func.o(.text)
    Func_ABS_Test                            0x08004489   Thumb Code    20  func.o(.text)
    Func_ABS_Stop                            0x0800449d   Thumb Code    20  func.o(.text)
    Func_LM_AD_Test                          0x080044b1   Thumb Code    20  func.o(.text)
    Func_LM_AD_Stop                          0x080044c5   Thumb Code    20  func.o(.text)
    Func_Filter_Motor_Reset                  0x080044d9   Thumb Code    28  func.o(.text)
    Func_Filter_Motor_Position               0x080044f5   Thumb Code    28  func.o(.text)
    Func_Hardware_Test                       0x08004511   Thumb Code    62  func.o(.text)
    Func_CRC32_Test                          0x0800454f   Thumb Code    56  func.o(.text)
    Func_Beep_Test                           0x08004587   Thumb Code   404  func.o(.text)
    Func_AD_Test                             0x0800471b   Thumb Code   344  func.o(.text)
    Func_Plate_Motor_Position_Loop           0x08004873   Thumb Code    92  func.o(.text)
    Func_Wave_Sample                         0x080048cf   Thumb Code   392  func.o(.text)
    Func_AD_K_B_Calibrate                    0x08004a57   Thumb Code   460  func.o(.text)
    Func_Plate_Run_Step                      0x08004c23   Thumb Code   174  func.o(.text)
    Func_Device_Self_Test                    0x08004cd1   Thumb Code   324  func.o(.text)
    Func_Std_Target_Test                     0x08004e15   Thumb Code   132  func.o(.text)
    Func_Flash_Write_Read_Test               0x08004e99   Thumb Code   218  func.o(.text)
    Func_CRC32_Cmd_Check                     0x08004f73   Thumb Code    22  func.o(.text)
    make_crc32_table                         0x0800500d   Thumb Code    42  crc32.o(.text)
    make_crc                                 0x08005037   Thumb Code    34  crc32.o(.text)
    DS18B20_IO_IN                            0x08005061   Thumb Code    50  ds18b20.o(.text)
    DS18B20_Check                            0x08005093   Thumb Code   172  ds18b20.o(.text)
    DS18B20_IO_OUT                           0x0800513f   Thumb Code    60  ds18b20.o(.text)
    DS18B20_Reset                            0x0800517b   Thumb Code    90  ds18b20.o(.text)
    DS18B20_Init                             0x080051d5   Thumb Code   136  ds18b20.o(.text)
    DS18B20_Configuration                    0x0800525d   Thumb Code    82  ds18b20.o(.text)
    DS18B20_Read_Byte                        0x08005327   Thumb Code    34  ds18b20.o(.text)
    DS18B20_Write_Byte                       0x08005349   Thumb Code   186  ds18b20.o(.text)
    DS18B20_Get_wd                           0x08005403   Thumb Code   138  ds18b20.o(.text)
    Temperature_convert                      0x0800548d   Thumb Code    60  ds18b20.o(.text)
    PIDInit                                  0x080054cd   Thumb Code    54  heat.o(.text)
    PIDCalc                                  0x08005503   Thumb Code    90  heat.o(.text)
    Heat3_Init                               0x0800555d   Thumb Code   116  heat.o(.text)
    Peltier_Init                             0x080055d1   Thumb Code   330  heat.o(.text)
    Pwm_Driver                               0x0800571b   Thumb Code   230  heat.o(.text)
    Pwm_Driver_All                           0x08005801   Thumb Code   256  heat.o(.text)
    Heat3_Control                            0x08005901   Thumb Code   148  heat.o(.text)
    Heat1_Control                            0x08005995   Thumb Code   176  heat.o(.text)
    Heat2_Control                            0x08005a45   Thumb Code   152  heat.o(.text)
    Copy_To_Usb_Buf                          0x08005b05   Thumb Code    56  usb_config.o(.text)
    USB_Buffer_CMD_Clear                     0x08005b3d   Thumb Code    26  usb_config.o(.text)
    USB_Configuration                        0x08005b57   Thumb Code     4  usb_config.o(.text)
    ADC0_Sample_Mode                         0x08005b65   Thumb Code    72  calibrate.o(.text)
    AD_Loop_Sample_K_B                       0x08005bad   Thumb Code   618  calibrate.o(.text)
    Data_Handling_Optical                    0x08005e17   Thumb Code   456  calibrate.o(.text)
    Bcdvert                                  0x08005fdf   Thumb Code   136  calibrate.o(.text)
    CV_SD_Function                           0x08006067   Thumb Code   136  calibrate.o(.text)
    CV_SD_Function1                          0x080060ef   Thumb Code   134  calibrate.o(.text)
    X_Y_Kb                                   0x08006175   Thumb Code 15446  calibrate.o(.text)
    Array_Combination_Optical                0x08009dcb   Thumb Code  1934  calibrate.o(.text)
    USB_Out_K_B_Abs                          0x0800a559   Thumb Code   586  calibrate.o(.text)
    Data_Handling_LiquidSamples              0x0800a7a3   Thumb Code  3288  calibrate.o(.text)
    USB_Out_Sample_Abs                       0x0800b47b   Thumb Code   428  calibrate.o(.text)
    AD_Loop_Sample                           0x0800b627   Thumb Code   622  calibrate.o(.text)
    Data_Handling                            0x0800b895   Thumb Code  5886  calibrate.o(.text)
    STMFLASH_Write_NoCheck                   0x0800cf95   Thumb Code    38  flash.o(.text)
    STMFLASH_ReadHalfWord                    0x0800cfbb   Thumb Code     4  flash.o(.text)
    STMFLASH_Read                            0x0800cfbf   Thumb Code    30  flash.o(.text)
    STMFLASH_Write                           0x0800cfdd   Thumb Code   190  flash.o(.text)
    Flash_Write_K_B_T                        0x0800d09b   Thumb Code   268  flash.o(.text)
    Flash_Read_K_B_T                         0x0800d1a7   Thumb Code   288  flash.o(.text)
    Flash_Write_Std_Target                   0x0800d2c7   Thumb Code    74  flash.o(.text)
    Flash_Read_Std_Target                    0x0800d311   Thumb Code    76  flash.o(.text)
    Flash_Write_Read_Test                    0x0800d35d   Thumb Code   138  flash.o(.text)
    OSInitHookBegin                          0x0800d4c5   Thumb Code     2  os_cpu_c.o(.text)
    OSInitHookEnd                            0x0800d4c7   Thumb Code     2  os_cpu_c.o(.text)
    OSTaskCreateHook                         0x0800d4c9   Thumb Code     2  os_cpu_c.o(.text)
    OSTaskDelHook                            0x0800d4cb   Thumb Code     2  os_cpu_c.o(.text)
    OSTaskIdleHook                           0x0800d4cd   Thumb Code     2  os_cpu_c.o(.text)
    OSTaskStatHook                           0x0800d4cf   Thumb Code     2  os_cpu_c.o(.text)
    OSTaskStkInit                            0x0800d4d1   Thumb Code   100  os_cpu_c.o(.text)
    OSTaskSwHook                             0x0800d535   Thumb Code     2  os_cpu_c.o(.text)
    OSTCBInitHook                            0x0800d537   Thumb Code     2  os_cpu_c.o(.text)
    OSTimeTickHook                           0x0800d539   Thumb Code     2  os_cpu_c.o(.text)
    OSTaskReturnHook                         0x0800d53b   Thumb Code     2  os_cpu_c.o(.text)
    OS_CPU_SR_Save                           0x0800d53d   Thumb Code     0  os_cpu_a.o(.text)
    OS_CPU_SR_Restore                        0x0800d545   Thumb Code     0  os_cpu_a.o(.text)
    OSStartHighRdy                           0x0800d54b   Thumb Code     0  os_cpu_a.o(.text)
    OSCtxSw                                  0x0800d56d   Thumb Code     0  os_cpu_a.o(.text)
    OSIntCtxSw                               0x0800d57b   Thumb Code     0  os_cpu_a.o(.text)
    PendSV_Handler                           0x0800d58b   Thumb Code     0  os_cpu_a.o(.text)
    OS_TaskStatStkChk                        0x0800d5f1   Thumb Code    50  os_core.o(.text)
    OS_TaskStat                              0x0800d623   Thumb Code    82  os_core.o(.text)
    OS_TaskIdle                              0x0800d6a9   Thumb Code    22  os_core.o(.text)
    OS_MemClr                                0x0800d6f5   Thumb Code    18  os_core.o(.text)
    OSInit                                   0x0800d7e7   Thumb Code    46  os_core.o(.text)
    OSIntEnter                               0x0800d815   Thumb Code    20  os_core.o(.text)
    OSIntExit                                0x0800d841   Thumb Code    80  os_core.o(.text)
    OSSchedLock                              0x0800d891   Thumb Code    38  os_core.o(.text)
    OS_Sched                                 0x0800d8b7   Thumb Code    64  os_core.o(.text)
    OSSchedUnlock                            0x0800d8f7   Thumb Code    66  os_core.o(.text)
    OSStart                                  0x0800d939   Thumb Code    38  os_core.o(.text)
    OSStatInit                               0x0800d95f   Thumb Code    48  os_core.o(.text)
    OSTimeTick                               0x0800d98f   Thumb Code   230  os_core.o(.text)
    OSVersion                                0x0800da75   Thumb Code     6  os_core.o(.text)
    OS_Dummy                                 0x0800da7b   Thumb Code     2  os_core.o(.text)
    OS_EventTaskRemove                       0x0800da7d   Thumb Code    38  os_core.o(.text)
    OS_EventTaskRdy                          0x0800daa3   Thumb Code    92  os_core.o(.text)
    OS_EventTaskWait                         0x0800daff   Thumb Code    84  os_core.o(.text)
    OS_EventWaitListInit                     0x0800db53   Thumb Code    20  os_core.o(.text)
    OS_MemCopy                               0x0800db67   Thumb Code    20  os_core.o(.text)
    OS_StrLen                                0x0800db7b   Thumb Code    20  os_core.o(.text)
    OS_TCBInit                               0x0800db8f   Thumb Code   244  os_core.o(.text)
    OSFlagAccept                             0x0800dc91   Thumb Code   206  os_flag.o(.text)
    OSFlagCreate                             0x0800dd5f   Thumb Code    68  os_flag.o(.text)
    OS_FlagUnlink                            0x0800dda3   Thumb Code    32  os_flag.o(.text)
    OSFlagDel                                0x0800de13   Thumb Code   200  os_flag.o(.text)
    OSFlagNameGet                            0x0800dedb   Thumb Code    74  os_flag.o(.text)
    OSFlagNameSet                            0x0800df25   Thumb Code    52  os_flag.o(.text)
    OSFlagPend                               0x0800dfb9   Thumb Code   582  os_flag.o(.text)
    OSFlagPendGetFlagsRdy                    0x0800e1ff   Thumb Code    20  os_flag.o(.text)
    OSFlagPost                               0x0800e213   Thumb Code   238  os_flag.o(.text)
    OSFlagQuery                              0x0800e301   Thumb Code    38  os_flag.o(.text)
    OS_FlagInit                              0x0800e327   Thumb Code    64  os_flag.o(.text)
    OSQAccept                                0x0800e375   Thumb Code    78  os_q.o(.text)
    OSQCreate                                0x0800e3c3   Thumb Code   110  os_q.o(.text)
    OSQDel                                   0x0800e431   Thumb Code   224  os_q.o(.text)
    OSQFlush                                 0x0800e511   Thumb Code    30  os_q.o(.text)
    OSQPend                                  0x0800e52f   Thumb Code   216  os_q.o(.text)
    OSQPendAbort                             0x0800e607   Thumb Code   110  os_q.o(.text)
    OSQPost                                  0x0800e675   Thumb Code   108  os_q.o(.text)
    OSQPostFront                             0x0800e6e1   Thumb Code   108  os_q.o(.text)
    OSQPostOpt                               0x0800e74d   Thumb Code   190  os_q.o(.text)
    OSQQuery                                 0x0800e80b   Thumb Code    90  os_q.o(.text)
    OS_QInit                                 0x0800e865   Thumb Code    62  os_q.o(.text)
    OSSemAccept                              0x0800e8ad   Thumb Code    34  os_sem.o(.text)
    OSSemCreate                              0x0800e8cf   Thumb Code    54  os_sem.o(.text)
    OSSemDel                                 0x0800e905   Thumb Code   196  os_sem.o(.text)
    OSSemPend                                0x0800e9c9   Thumb Code   176  os_sem.o(.text)
    OSSemPendAbort                           0x0800ea79   Thumb Code   112  os_sem.o(.text)
    OSSemPost                                0x0800eae9   Thumb Code    84  os_sem.o(.text)
    OSSemQuery                               0x0800eb3d   Thumb Code    60  os_sem.o(.text)
    OSSemSet                                 0x0800eb79   Thumb Code    56  os_sem.o(.text)
    OSTaskChangePrio                         0x0800ebc1   Thumb Code   288  os_task.o(.text)
    OSTaskCreate                             0x0800ece1   Thumb Code   124  os_task.o(.text)
    OS_TaskStkClr                            0x0800ed5d   Thumb Code    22  os_task.o(.text)
    OSTaskCreateExt                          0x0800ed73   Thumb Code   144  os_task.o(.text)
    OSTaskDel                                0x0800ee03   Thumb Code   278  os_task.o(.text)
    OSTaskDelReq                             0x0800ef19   Thumb Code    82  os_task.o(.text)
    OSTaskNameGet                            0x0800ef6b   Thumb Code   150  os_task.o(.text)
    OSTaskNameSet                            0x0800f001   Thumb Code    78  os_task.o(.text)
    OSTaskResume                             0x0800f04f   Thumb Code   128  os_task.o(.text)
    OSTaskStkChk                             0x0800f0cf   Thumb Code   106  os_task.o(.text)
    OSTaskSuspend                            0x0800f139   Thumb Code   140  os_task.o(.text)
    OSTaskQuery                              0x0800f1c5   Thumb Code    74  os_task.o(.text)
    OSTaskRegGet                             0x0800f20f   Thumb Code    50  os_task.o(.text)
    OSTaskRegSet                             0x0800f241   Thumb Code    54  os_task.o(.text)
    OS_TaskReturn                            0x0800f277   Thumb Code    18  os_task.o(.text)
    OSTimeDly                                0x0800f2a1   Thumb Code    84  os_time.o(.text)
    OSTimeDlyHMSM                            0x0800f2f5   Thumb Code    72  os_time.o(.text)
    OSTimeDlyResume                          0x0800f33d   Thumb Code   146  os_time.o(.text)
    OSTimeGet                                0x0800f3cf   Thumb Code    18  os_time.o(.text)
    OSTimeSet                                0x0800f3e1   Thumb Code    20  os_time.o(.text)
    Set_System                               0x0800f411   Thumb Code    96  hw_config.o(.text)
    Set_USBClock                             0x0800f471   Thumb Code    20  hw_config.o(.text)
    Enter_LowPowerMode                       0x0800f485   Thumb Code     8  hw_config.o(.text)
    Leave_LowPowerMode                       0x0800f48d   Thumb Code    20  hw_config.o(.text)
    USB_Interrupts_Config                    0x0800f4a1   Thumb Code    58  hw_config.o(.text)
    USB_Cable_Config                         0x0800f4db   Thumb Code    20  hw_config.o(.text)
    USB_Config                               0x0800f4ef   Thumb Code    18  hw_config.o(.text)
    USB_RxRead                               0x0800f501   Thumb Code    12  hw_config.o(.text)
    USB_RxWrite                              0x0800f50d   Thumb Code    12  hw_config.o(.text)
    USB_TxRead                               0x0800f519   Thumb Code    12  hw_config.o(.text)
    USB_TxWrite                              0x0800f525   Thumb Code    12  hw_config.o(.text)
    Get_SerialNum                            0x0800f56b   Thumb Code    44  hw_config.o(.text)
    EP1_IN_Callback                          0x0800f5b9   Thumb Code    56  usb_endp.o(.text)
    EP3_OUT_Callback                         0x0800f5f1   Thumb Code    32  usb_endp.o(.text)
    SOF_Callback                             0x0800f611   Thumb Code    76  usb_endp.o(.text)
    USB_Istr                                 0x0800f669   Thumb Code   324  usb_istr.o(.text)
    USB_LP_CAN1_RX0_IRQHandler               0x0800f7c1   Thumb Code     4  usb_it.o(.text)
    USBWakeUp_IRQHandler                     0x0800f7c5   Thumb Code     8  usb_it.o(.text)
    Virtual_Com_Port_init                    0x0800f7cd   Thumb Code    28  usb_prop.o(.text)
    Virtual_Com_Port_Reset                   0x0800f7e9   Thumb Code   208  usb_prop.o(.text)
    Virtual_Com_Port_SetConfiguration        0x0800f8b9   Thumb Code    16  usb_prop.o(.text)
    Virtual_Com_Port_SetDeviceAddress        0x0800f8c9   Thumb Code     8  usb_prop.o(.text)
    Virtual_Com_Port_Status_In               0x0800f8d1   Thumb Code    16  usb_prop.o(.text)
    Virtual_Com_Port_Status_Out              0x0800f8e1   Thumb Code     2  usb_prop.o(.text)
    Virtual_Com_Port_SetLineCoding           0x0800f8e3   Thumb Code    20  usb_prop.o(.text)
    Virtual_Com_Port_GetLineCoding           0x0800f8f7   Thumb Code    20  usb_prop.o(.text)
    Virtual_Com_Port_Data_Setup              0x0800f90b   Thumb Code    74  usb_prop.o(.text)
    Virtual_Com_Port_NoData_Setup            0x0800f955   Thumb Code    34  usb_prop.o(.text)
    Virtual_Com_Port_GetDeviceDescriptor     0x0800f977   Thumb Code     8  usb_prop.o(.text)
    Virtual_Com_Port_GetConfigDescriptor     0x0800f97f   Thumb Code     8  usb_prop.o(.text)
    Virtual_Com_Port_GetStringDescriptor     0x0800f987   Thumb Code    26  usb_prop.o(.text)
    Virtual_Com_Port_Get_Interface_Setting   0x0800f9a1   Thumb Code    18  usb_prop.o(.text)
    PowerOn                                  0x0800f9c9   Thumb Code    36  usb_pwr.o(.text)
    PowerOff                                 0x0800f9ed   Thumb Code    26  usb_pwr.o(.text)
    Suspend                                  0x0800fa07   Thumb Code   170  usb_pwr.o(.text)
    Resume_Init                              0x0800fab1   Thumb Code    26  usb_pwr.o(.text)
    Resume                                   0x0800facb   Thumb Code   146  usb_pwr.o(.text)
    Standard_GetConfiguration                0x0800fb75   Thumb Code    30  usb_core.o(.text)
    Standard_SetConfiguration                0x0800fb93   Thumb Code    42  usb_core.o(.text)
    Standard_GetInterface                    0x0800fbbd   Thumb Code    30  usb_core.o(.text)
    Standard_SetInterface                    0x0800fbdb   Thumb Code    64  usb_core.o(.text)
    Standard_GetStatus                       0x0800fc1b   Thumb Code   162  usb_core.o(.text)
    Standard_ClearFeature                    0x0800fcbd   Thumb Code   230  usb_core.o(.text)
    Standard_SetEndPointFeature              0x0800fda3   Thumb Code   124  usb_core.o(.text)
    Standard_SetDeviceFeature                0x0800fe1f   Thumb Code    26  usb_core.o(.text)
    Standard_GetDescriptorData               0x0800fe39   Thumb Code    24  usb_core.o(.text)
    Post0_Process                            0x08010205   Thumb Code    48  usb_core.o(.text)
    Setup0_Process                           0x08010235   Thumb Code   100  usb_core.o(.text)
    SetDeviceAddress                         0x08010299   Thumb Code    58  usb_core.o(.text)
    In0_Process                              0x080102d3   Thumb Code    80  usb_core.o(.text)
    Out0_Process                             0x08010323   Thumb Code    66  usb_core.o(.text)
    NOP_Process                              0x08010365   Thumb Code     2  usb_core.o(.text)
    USB_Init                                 0x08010395   Thumb Code    22  usb_init.o(.text)
    CTR_LP                                   0x080103bd   Thumb Code   398  usb_int.o(.text)
    CTR_HP                                   0x0801054b   Thumb Code   108  usb_int.o(.text)
    UserToPMABufferCopy                      0x080105d1   Thumb Code    38  usb_mem.o(.text)
    PMAToUserBufferCopy                      0x080105f7   Thumb Code    28  usb_mem.o(.text)
    SetCNTR                                  0x08010619   Thumb Code     6  usb_regs.o(.text)
    GetCNTR                                  0x0801061f   Thumb Code     8  usb_regs.o(.text)
    SetISTR                                  0x08010627   Thumb Code     8  usb_regs.o(.text)
    GetISTR                                  0x0801062f   Thumb Code    10  usb_regs.o(.text)
    GetFNR                                   0x08010639   Thumb Code    10  usb_regs.o(.text)
    SetDADDR                                 0x08010643   Thumb Code     8  usb_regs.o(.text)
    GetDADDR                                 0x0801064b   Thumb Code    10  usb_regs.o(.text)
    SetBTABLE                                0x08010655   Thumb Code    12  usb_regs.o(.text)
    GetBTABLE                                0x08010661   Thumb Code    10  usb_regs.o(.text)
    SetENDPOINT                              0x0801066b   Thumb Code    10  usb_regs.o(.text)
    GetENDPOINT                              0x08010675   Thumb Code    12  usb_regs.o(.text)
    SetEPType                                0x08010681   Thumb Code    24  usb_regs.o(.text)
    GetEPType                                0x08010699   Thumb Code    16  usb_regs.o(.text)
    SetEPTxStatus                            0x080106a9   Thumb Code    44  usb_regs.o(.text)
    SetEPRxStatus                            0x080106d5   Thumb Code    44  usb_regs.o(.text)
    SetDouBleBuffEPStall                     0x08010701   Thumb Code    44  usb_regs.o(.text)
    GetEPTxStatus                            0x0801072d   Thumb Code    16  usb_regs.o(.text)
    GetEPRxStatus                            0x0801073d   Thumb Code    16  usb_regs.o(.text)
    SetEPTxValid                             0x0801074d   Thumb Code    36  usb_regs.o(.text)
    SetEPRxValid                             0x08010771   Thumb Code    36  usb_regs.o(.text)
    SetEP_KIND                               0x08010795   Thumb Code    32  usb_regs.o(.text)
    ClearEP_KIND                             0x080107b5   Thumb Code    28  usb_regs.o(.text)
    Clear_Status_Out                         0x080107d1   Thumb Code    28  usb_regs.o(.text)
    Set_Status_Out                           0x080107ed   Thumb Code    32  usb_regs.o(.text)
    SetEPDoubleBuff                          0x0801080d   Thumb Code    32  usb_regs.o(.text)
    ClearEPDoubleBuff                        0x0801082d   Thumb Code    28  usb_regs.o(.text)
    GetTxStallStatus                         0x08010849   Thumb Code    20  usb_regs.o(.text)
    GetRxStallStatus                         0x0801085d   Thumb Code    20  usb_regs.o(.text)
    ClearEP_CTR_RX                           0x08010871   Thumb Code    22  usb_regs.o(.text)
    ClearEP_CTR_TX                           0x08010887   Thumb Code    22  usb_regs.o(.text)
    ToggleDTOG_RX                            0x0801089d   Thumb Code    28  usb_regs.o(.text)
    ToggleDTOG_TX                            0x080108b9   Thumb Code    28  usb_regs.o(.text)
    ClearDTOG_RX                             0x080108d5   Thumb Code    34  usb_regs.o(.text)
    ClearDTOG_TX                             0x080108f7   Thumb Code    34  usb_regs.o(.text)
    SetEPAddress                             0x08010919   Thumb Code    30  usb_regs.o(.text)
    GetEPAddress                             0x08010937   Thumb Code    14  usb_regs.o(.text)
    SetEPTxAddr                              0x08010945   Thumb Code    24  usb_regs.o(.text)
    SetEPRxAddr                              0x0801095d   Thumb Code    26  usb_regs.o(.text)
    GetEPTxAddr                              0x08010977   Thumb Code    22  usb_regs.o(.text)
    GetEPRxAddr                              0x0801098d   Thumb Code    24  usb_regs.o(.text)
    SetEPTxCount                             0x080109a5   Thumb Code    22  usb_regs.o(.text)
    SetEPCountRxReg                          0x080109bb   Thumb Code    42  usb_regs.o(.text)
    SetEPRxCount                             0x080109e5   Thumb Code    72  usb_regs.o(.text)
    GetEPTxCount                             0x08010a2d   Thumb Code    24  usb_regs.o(.text)
    GetEPRxCount                             0x08010a45   Thumb Code    24  usb_regs.o(.text)
    SetEPDblBuffAddr                         0x08010a5d   Thumb Code    42  usb_regs.o(.text)
    SetEPDblBuf0Addr                         0x08010a87   Thumb Code    22  usb_regs.o(.text)
    SetEPDblBuf1Addr                         0x08010a9d   Thumb Code    24  usb_regs.o(.text)
    GetEPDblBuf0Addr                         0x08010ab5   Thumb Code    20  usb_regs.o(.text)
    GetEPDblBuf1Addr                         0x08010ac9   Thumb Code    22  usb_regs.o(.text)
    SetEPDblBuffCount                        0x08010adf   Thumb Code   182  usb_regs.o(.text)
    SetEPDblBuf0Count                        0x08010b95   Thumb Code    86  usb_regs.o(.text)
    SetEPDblBuf1Count                        0x08010beb   Thumb Code    86  usb_regs.o(.text)
    GetEPDblBuf0Count                        0x08010c41   Thumb Code    24  usb_regs.o(.text)
    GetEPDblBuf1Count                        0x08010c59   Thumb Code    24  usb_regs.o(.text)
    GetEPDblBufDir                           0x08010c71   Thumb Code    54  usb_regs.o(.text)
    FreeUserBuffer                           0x08010ca7   Thumb Code    52  usb_regs.o(.text)
    ToWord                                   0x08010cdb   Thumb Code     6  usb_regs.o(.text)
    ByteSwap                                 0x08010ce1   Thumb Code    10  usb_regs.o(.text)
    USB_SIL_Init                             0x08010cf5   Thumb Code    24  usb_sil.o(.text)
    USB_SIL_Write                            0x08010d0d   Thumb Code    40  usb_sil.o(.text)
    USB_SIL_Read                             0x08010d35   Thumb Code    36  usb_sil.o(.text)
    QUEUE_PacketCreate                       0x08010d61   Thumb Code    12  queue.o(.text)
    QUEUE_PacketIn                           0x08010d6d   Thumb Code    48  queue.o(.text)
    QUEUE_PacketOut                          0x08010d9d   Thumb Code    58  queue.o(.text)
    QUEUE_PacketLengthGet                    0x08010dd7   Thumb Code    40  queue.o(.text)
    QUEUE_PacketStartEndDifferentCharSplit   0x08010dff   Thumb Code   202  queue.o(.text)
    QUEUE_PacketStartEndCharSplit            0x08010ec9   Thumb Code   216  queue.o(.text)
    QUEUE_PacketCharSplit                    0x08010fa1   Thumb Code   124  queue.o(.text)
    QUEUE_PacketDoubleEndCharSplit           0x0801101d   Thumb Code   144  queue.o(.text)
    QUEUE_StructCreate                       0x080110ad   Thumb Code    20  queue.o(.text)
    QUEUE_StructIn                           0x080110c1   Thumb Code    66  queue.o(.text)
    QUEUE_StructOut                          0x08011103   Thumb Code    76  queue.o(.text)
    QUEUE_StructCountGet                     0x0801114f   Thumb Code    34  queue.o(.text)
    __aeabi_memcpy                           0x08011171   Thumb Code    36  memcpya.o(.text)
    __aeabi_memcpy4                          0x08011171   Thumb Code     0  memcpya.o(.text)
    __aeabi_memcpy8                          0x08011171   Thumb Code     0  memcpya.o(.text)
    __aeabi_memset                           0x08011195   Thumb Code    14  memseta.o(.text)
    __aeabi_memset4                          0x08011195   Thumb Code     0  memseta.o(.text)
    __aeabi_memset8                          0x08011195   Thumb Code     0  memseta.o(.text)
    __aeabi_memclr                           0x080111a3   Thumb Code     4  memseta.o(.text)
    __aeabi_memclr4                          0x080111a3   Thumb Code     0  memseta.o(.text)
    __aeabi_memclr8                          0x080111a3   Thumb Code     0  memseta.o(.text)
    _memset$wrapper                          0x080111a7   Thumb Code    20  memseta.o(.text)
    __aeabi_fadd                             0x080111bb   Thumb Code   164  fadd.o(.text)
    __aeabi_fsub                             0x0801125f   Thumb Code     6  fadd.o(.text)
    __aeabi_frsub                            0x08011265   Thumb Code     6  fadd.o(.text)
    __aeabi_fmul                             0x0801126b   Thumb Code   108  fmul.o(.text)
    __aeabi_fdiv                             0x080112d7   Thumb Code   128  fdiv.o(.text)
    __ARM_scalbnf                            0x08011357   Thumb Code    24  fscalb.o(.text)
    scalbnf                                  0x08011357   Thumb Code     0  fscalb.o(.text)
    __aeabi_dmul                             0x0801136f   Thumb Code   224  dmul.o(.text)
    __aeabi_ddiv                             0x0801144f   Thumb Code   222  ddiv.o(.text)
    __ARM_scalbn                             0x0801152d   Thumb Code    46  dscalb.o(.text)
    scalbn                                   0x0801152d   Thumb Code     0  dscalb.o(.text)
    __aeabi_i2f                              0x0801155b   Thumb Code    18  fflti.o(.text)
    __aeabi_ui2f                             0x0801156d   Thumb Code    10  ffltui.o(.text)
    __aeabi_ui2d                             0x08011577   Thumb Code    26  dfltui.o(.text)
    __aeabi_f2uiz                            0x08011591   Thumb Code    40  ffixui.o(.text)
    __aeabi_f2d                              0x080115b9   Thumb Code    44  f2d.o(.text)
    __aeabi_d2f                              0x080115e5   Thumb Code    56  d2f.o(.text)
    __aeabi_cfcmpeq                          0x0801161d   Thumb Code     0  cfcmple.o(.text)
    __aeabi_cfcmple                          0x0801161d   Thumb Code    20  cfcmple.o(.text)
    __aeabi_uidiv                            0x08011631   Thumb Code     0  uidiv.o(.text)
    __aeabi_uidivmod                         0x08011631   Thumb Code    44  uidiv.o(.text)
    __aeabi_uldivmod                         0x0801165d   Thumb Code    98  uldiv.o(.text)
    __I$use$fp                               0x080116bf   Thumb Code     0  iusefp.o(.text)
    _float_round                             0x080116bf   Thumb Code    18  fepilogue.o(.text)
    _float_epilogue                          0x080116d1   Thumb Code    90  fepilogue.o(.text)
    _double_round                            0x0801172b   Thumb Code    26  depilogue.o(.text)
    _double_epilogue                         0x08011745   Thumb Code   164  depilogue.o(.text)
    __aeabi_dadd                             0x080117e9   Thumb Code   320  dadd.o(.text)
    __aeabi_dsub                             0x08011929   Thumb Code     6  dadd.o(.text)
    __aeabi_drsub                            0x0801192f   Thumb Code     6  dadd.o(.text)
    _dsqrt                                   0x08011935   Thumb Code   162  dsqrt.o(.text)
    __aeabi_i2d                              0x080119d7   Thumb Code    34  dflti.o(.text)
    __aeabi_d2ulz                            0x080119f9   Thumb Code    48  dfixul.o(.text)
    __aeabi_cdcmpeq                          0x08011a29   Thumb Code     0  cdcmple.o(.text)
    __aeabi_cdcmple                          0x08011a29   Thumb Code    38  cdcmple.o(.text)
    __aeabi_cdrcmple                         0x08011a51   Thumb Code    38  cdrcmple.o(.text)
    __scatterload                            0x08011a79   Thumb Code    28  init.o(.text)
    __scatterload_rt2                        0x08011a79   Thumb Code     0  init.o(.text)
    __aeabi_llsl                             0x08011a9d   Thumb Code    30  llshl.o(.text)
    _ll_shift_l                              0x08011a9d   Thumb Code     0  llshl.o(.text)
    __aeabi_llsr                             0x08011abb   Thumb Code    32  llushr.o(.text)
    _ll_ushift_r                             0x08011abb   Thumb Code     0  llushr.o(.text)
    __aeabi_lasr                             0x08011adb   Thumb Code    36  llsshr.o(.text)
    _ll_sshift_r                             0x08011adb   Thumb Code     0  llsshr.o(.text)
    __decompress                             0x08011aff   Thumb Code     0  __dczerorl2.o(.text)
    __decompress1                            0x08011aff   Thumb Code    92  __dczerorl2.o(.text)
    __0printf                                0x08011b5d   Thumb Code    22  printfa.o(i.__0printf)
    __1printf                                0x08011b5d   Thumb Code     0  printfa.o(i.__0printf)
    __2printf                                0x08011b5d   Thumb Code     0  printfa.o(i.__0printf)
    __c89printf                              0x08011b5d   Thumb Code     0  printfa.o(i.__0printf)
    printf                                   0x08011b5d   Thumb Code     0  printfa.o(i.__0printf)
    __kernel_poly                            0x08011b7d   Thumb Code   170  poly.o(i.__kernel_poly)
    __scatterload_copy                       0x08011c27   Thumb Code    14  handlers.o(i.__scatterload_copy)
    __scatterload_null                       0x08011c35   Thumb Code     2  handlers.o(i.__scatterload_null)
    __scatterload_zeroinit                   0x08011c37   Thumb Code    14  handlers.o(i.__scatterload_zeroinit)
    __set_errno                              0x08011c45   Thumb Code     6  errno.o(i.__set_errno)
    log                                      0x08012505   Thumb Code   820  log.o(i.log)
    log10                                    0x08012871   Thumb Code   214  log10.o(i.log10)
    sqrt                                     0x08012969   Thumb Code    76  sqrt.o(i.sqrt)
    OSUnMapTbl                               0x080129b4   Data         256  os_core.o(.constdata)
    Virtual_Com_Port_DeviceDescriptor        0x08012ab4   Data          18  usb_desc.o(.constdata)
    Virtual_Com_Port_ConfigDescriptor        0x08012ac6   Data          67  usb_desc.o(.constdata)
    Virtual_Com_Port_StringLangID            0x08012b09   Data           4  usb_desc.o(.constdata)
    Virtual_Com_Port_StringVendor            0x08012b0d   Data          24  usb_desc.o(.constdata)
    Virtual_Com_Port_StringProduct           0x08012b25   Data          38  usb_desc.o(.constdata)
    __mathlib_zero                           0x08012b88   Data           8  qnan.o(.constdata)
    Region$$Table$$Base                      0x08012b90   Number         0  anon$$obj.o(Region$$Table)
    Region$$Table$$Limit                     0x08012bb0   Number         0  anon$$obj.o(Region$$Table)
    SystemCoreClock                          0x20000014   Data           4  system_stm32f10x.o(.data)
    AHBPrescTable                            0x20000018   Data          16  system_stm32f10x.o(.data)
    G_Curr_Cmd_Type                          0x20000028   Data           1  pbdata.o(.data)
    G_Pre_Cmd_Type                           0x20000029   Data           1  pbdata.o(.data)
    G_Computer_Connect_Flag                  0x2000002a   Data           1  pbdata.o(.data)
    G_Error_Type                             0x2000002b   Data           1  pbdata.o(.data)
    G_Func_Running                           0x2000002c   Data           1  pbdata.o(.data)
    G_Func_Type                              0x2000002d   Data           1  pbdata.o(.data)
    G_Power_On_Off                           0x2000002e   Data           1  pbdata.o(.data)
    G_Power_On_Off_Fre                       0x2000002f   Data           1  pbdata.o(.data)
    G_Temperature_Disp                       0x20000030   Data           1  pbdata.o(.data)
    G_Heat1_Start                            0x20000031   Data           1  pbdata.o(.data)
    G_Heat2_Start                            0x20000032   Data           1  pbdata.o(.data)
    G_Heat3_Start                            0x20000033   Data           1  pbdata.o(.data)
    Target_Temperature                       0x20000034   Data           2  pbdata.o(.data)
    G_Beep_on_off                            0x20000036   Data           1  pbdata.o(.data)
    fac_us                                   0x20000038   Data           1  pbdata.o(.data)
    fac_ms                                   0x2000003a   Data           2  pbdata.o(.data)
    Func_Sem                                 0x2000003c   Data           4  pbdata.o(.data)
    step_index                               0x20000040   Data           1  motor.o(.data)
    filter_motor_stop_flag                   0x20000041   Data           1  motor.o(.data)
    G_UART_Buffer_Size                       0x20000042   Data           1  uart.o(.data)
    G_UART_Input_First                       0x20000043   Data           1  uart.o(.data)
    G_UART_Data_Come                         0x20000044   Data           1  uart.o(.data)
    AD_MODE                                  0x20000045   Data           1  ad.o(.data)
    G_Step_Mode_Plus                         0x20000046   Data           1  ad.o(.data)
    flag                                     0x20000048   Data           1  heat.o(.data)
    pre_cold_temp                            0x2000004a   Data           2  heat.o(.data)
    pre_temp                                 0x2000004c   Data           2  heat.o(.data)
    rout                                     0x2000004e   Data           2  heat.o(.data)
    rin                                      0x20000050   Data           2  heat.o(.data)
    G_USB_Buffer_Size                        0x20000052   Data           1  usb_config.o(.data)
    G_USB_Input_First                        0x20000053   Data           1  usb_config.o(.data)
    G_USB_Buf_Full                           0x20000054   Data           1  usb_config.o(.data)
    SelectCalib                              0x20000058   Data           1  calibrate.o(.data)
    StandardValue_405nm                      0x2000005c   Data          28  calibrate.o(.data)
    StandardValue_450nm                      0x20000078   Data          28  calibrate.o(.data)
    StandardValue_492nm                      0x20000094   Data          28  calibrate.o(.data)
    StandardValue_630nm                      0x200000b0   Data          28  calibrate.o(.data)
    StandardValue_Ext01nm                    0x200000cc   Data          28  calibrate.o(.data)
    StandardValue_Ext02nm                    0x200000e8   Data          28  calibrate.o(.data)
    StandardValue_Ext03nm                    0x20000104   Data          28  calibrate.o(.data)
    StandardValue_Ext04nm                    0x20000120   Data          28  calibrate.o(.data)
    targetValueA                             0x2000013c   Data          96  calibrate.o(.data)
    targetValueB                             0x2000019c   Data          96  calibrate.o(.data)
    targetValueC                             0x200001fc   Data          96  calibrate.o(.data)
    Wavelength_Flag                          0x2000025c   Data           1  calibrate.o(.data)
    OSCPUUsage                               0x20000260   Data           1  os_core.o(.data)
    OSStatRdy                                0x20000261   Data           1  os_core.o(.data)
    OSIntNesting                             0x20000262   Data           1  os_core.o(.data)
    OSLockNesting                            0x20000263   Data           1  os_core.o(.data)
    OSPrioCur                                0x20000264   Data           1  os_core.o(.data)
    OSPrioHighRdy                            0x20000265   Data           1  os_core.o(.data)
    OSRdyGrp                                 0x20000266   Data           1  os_core.o(.data)
    OSRunning                                0x20000267   Data           1  os_core.o(.data)
    OSTaskCtr                                0x20000268   Data           1  os_core.o(.data)
    OSTickStepState                          0x20000269   Data           1  os_core.o(.data)
    OSCtxSwCtr                               0x2000026c   Data           4  os_core.o(.data)
    OSEventFreeList                          0x20000270   Data           4  os_core.o(.data)
    OSIdleCtrMax                             0x20000274   Data           4  os_core.o(.data)
    OSIdleCtrRun                             0x20000278   Data           4  os_core.o(.data)
    OSIdleCtr                                0x2000027c   Data           4  os_core.o(.data)
    OSTCBCur                                 0x20000280   Data           4  os_core.o(.data)
    OSTCBFreeList                            0x20000284   Data           4  os_core.o(.data)
    OSTCBHighRdy                             0x20000288   Data           4  os_core.o(.data)
    OSTCBList                                0x2000028c   Data           4  os_core.o(.data)
    OSTime                                   0x20000290   Data           4  os_core.o(.data)
    OSRdyTbl                                 0x20000294   Data           8  os_core.o(.data)
    OSFlagFreeList                           0x2000029c   Data           4  os_core.o(.data)
    OSQFreeList                              0x200002a0   Data           4  os_core.o(.data)
    EXTI_InitStructure                       0x200002a4   Data           8  hw_config.o(.data)
    Virtual_Com_Port_StringSerial            0x200002ac   Data          38  usb_desc.o(.data)
    bIntPackSOF                              0x200002dc   Data           1  usb_istr.o(.data)
    wIstr                                    0x200002de   Data           2  usb_istr.o(.data)
    esof_counter                             0x200002e0   Data           4  usb_istr.o(.data)
    wCNTR                                    0x200002e4   Data           4  usb_istr.o(.data)
    pEpInt_IN                                0x200002e8   Data          28  usb_istr.o(.data)
    pEpInt_OUT                               0x20000304   Data          28  usb_istr.o(.data)
    Request                                  0x20000320   Data           1  usb_prop.o(.data)
    linecoding                               0x20000324   Data           8  usb_prop.o(.data)
    Device_Descriptor                        0x2000032c   Data           8  usb_prop.o(.data)
    Config_Descriptor                        0x20000334   Data           8  usb_prop.o(.data)
    Device_Property                          0x2000033c   Data          48  usb_prop.o(.data)
    String_Descriptor                        0x2000036c   Data          32  usb_prop.o(.data)
    Device_Table                             0x2000038c   Data           2  usb_prop.o(.data)
    User_Standard_Requests                   0x20000390   Data          36  usb_prop.o(.data)
    bDeviceState                             0x200003b4   Data           4  usb_pwr.o(.data)
    fSuspendEnabled                          0x200003b8   Data           1  usb_pwr.o(.data)
    ResumeS                                  0x200003bc   Data           2  usb_pwr.o(.data)
    remotewakeupon                           0x200003c0   Data           4  usb_pwr.o(.data)
    Data_Mul_MaxPacketSize                   0x200003c4   Data           1  usb_core.o(.data)
    StatusInfo                               0x200003c6   Data           2  usb_core.o(.data)
    EPindex                                  0x200003c8   Data           1  usb_init.o(.data)
    pInformation                             0x200003cc   Data           4  usb_init.o(.data)
    pProperty                                0x200003d0   Data           4  usb_init.o(.data)
    pUser_Standard_Requests                  0x200003d4   Data           4  usb_init.o(.data)
    wInterrupt_Mask                          0x200003d8   Data           2  usb_init.o(.data)
    SaveRState                               0x200003da   Data           2  usb_int.o(.data)
    SaveTState                               0x200003dc   Data           2  usb_int.o(.data)
    __stdout                                 0x200003e0   Data           4  stdout.o(.data)
    START_TASK_STK                           0x200003e8   Data         512  main.o(.bss)
    AD_TASK_STK                              0x200005e8   Data         512  main.o(.bss)
    UART_TASK_STK                            0x200007e8   Data         512  main.o(.bss)
    USB_TASK_STK                             0x200009e8   Data        2048  main.o(.bss)
    FUNC_TASK_STK                            0x200011e8   Data        2048  main.o(.bss)
    TEMP_TASK_STK                            0x200019e8   Data         512  main.o(.bss)
    BEEP_TASK_STK                            0x20001be8   Data         512  main.o(.bss)
    LAMP_TASK_STK                            0x20001de8   Data         512  main.o(.bss)
    G_UART_Buffer                            0x20001fe8   Data          50  uart.o(.bss)
    AD_Average                               0x2000201a   Data         192  ad.o(.bss)
    AD_Value1                                0x200020da   Data        1920  ad.o(.bss)
    AD_Value2                                0x2000285a   Data        1920  ad.o(.bss)
    crc32_table                              0x20002fdc   Data        1024  crc32.o(.bss)
    spid                                     0x200033dc   Data          28  heat.o(.bss)
    rpid                                     0x200033f8   Data          28  heat.o(.bss)
    G_USB_Buffer                             0x20003414   Data         200  usb_config.o(.bss)
    AD_Alllight                              0x200034dc   Data         320  calibrate.o(.bss)
    AD_Halflight                             0x2000361c   Data         960  calibrate.o(.bss)
    ABS_Array                                0x200039dc   Data         960  calibrate.o(.bss)
    ABS_Aver_Array                           0x20003d9c   Data          96  calibrate.o(.bss)
    ABS_Array2                               0x20003dfc   Data         960  calibrate.o(.bss)
    ABS_Aver_Array2                          0x200041bc   Data          96  calibrate.o(.bss)
    Slope_405nm                              0x2000421c   Data         192  calibrate.o(.bss)
    Slope_450nm                              0x200042dc   Data         192  calibrate.o(.bss)
    Slope_492nm                              0x2000439c   Data         192  calibrate.o(.bss)
    Slope_630nm                              0x2000445c   Data         192  calibrate.o(.bss)
    Slope_Ext01nm                            0x2000451c   Data         192  calibrate.o(.bss)
    Slope_Ext02nm                            0x200045dc   Data         192  calibrate.o(.bss)
    Slope_Ext03nm                            0x2000469c   Data         192  calibrate.o(.bss)
    Slope_Ext04nm                            0x2000475c   Data         192  calibrate.o(.bss)
    Intercept_405nm                          0x2000481c   Data         192  calibrate.o(.bss)
    Intercept_450nm                          0x200048dc   Data         192  calibrate.o(.bss)
    Intercept_492nm                          0x2000499c   Data         192  calibrate.o(.bss)
    Intercept_630nm                          0x20004a5c   Data         192  calibrate.o(.bss)
    Intercept_Ext01nm                        0x20004b1c   Data         192  calibrate.o(.bss)
    Intercept_Ext02nm                        0x20004bdc   Data         192  calibrate.o(.bss)
    Intercept_Ext03nm                        0x20004c9c   Data         192  calibrate.o(.bss)
    Intercept_Ext04nm                        0x20004d5c   Data         192  calibrate.o(.bss)
    TestValue_405nm                          0x20004e1c   Data         160  calibrate.o(.bss)
    TestValue_450nm                          0x20004ebc   Data         160  calibrate.o(.bss)
    TestValue_492nm                          0x20004f5c   Data         160  calibrate.o(.bss)
    TestValue_630nm                          0x20004ffc   Data         160  calibrate.o(.bss)
    TestValue_Ext01nm                        0x2000509c   Data         160  calibrate.o(.bss)
    TestValue_Ext02nm                        0x2000513c   Data         160  calibrate.o(.bss)
    TestValue_Ext03nm                        0x200051dc   Data         160  calibrate.o(.bss)
    TestValue_Ext04nm                        0x2000527c   Data         160  calibrate.o(.bss)
    AD_ALLlight_Single                       0x2000531c   Data          32  calibrate.o(.bss)
    AD_ALLlight_Double                       0x2000533c   Data          32  calibrate.o(.bss)
    AD_Halflight_Single                      0x2000535c   Data         384  calibrate.o(.bss)
    AD_Halflight_Double                      0x200054dc   Data         384  calibrate.o(.bss)
    ABS_SingleWave0                          0x2000565c   Data         384  calibrate.o(.bss)
    ABS_DoubleWave0                          0x200057dc   Data         384  calibrate.o(.bss)
    ABS_SingleWave                           0x2000595c   Data         384  calibrate.o(.bss)
    ABS_DoubleWave                           0x20005adc   Data         384  calibrate.o(.bss)
    CV                                       0x20005c5c   Data          96  calibrate.o(.bss)
    SD                                       0x20005cbc   Data          96  calibrate.o(.bss)
    Accuration                               0x20005d1c   Data          96  calibrate.o(.bss)
    Differ                                   0x20005d7c   Data          24  calibrate.o(.bss)
    Differ_betweenHoles                      0x20005d94   Data          24  calibrate.o(.bss)
    ABS_Send                                 0x20005dac   Data         584  calibrate.o(.bss)
    STMFLASH_BUF                             0x20005ff4   Data        2048  flash.o(.bss)
    stm32_buf                                0x200067f4   Data        2048  flash.o(.bss)
    OSEventTbl                               0x20006ff4   Data         200  os_core.o(.bss)
    OSTaskStatStk                            0x200070bc   Data         512  os_core.o(.bss)
    OSTaskIdleStk                            0x200072bc   Data         512  os_core.o(.bss)
    OSTCBPrioTbl                             0x200074bc   Data         256  os_core.o(.bss)
    OSTCBTbl                                 0x200075bc   Data        1008  os_core.o(.bss)
    OSFlagTbl                                0x200079ac   Data          80  os_core.o(.bss)
    OSQTbl                                   0x200079fc   Data         120  os_core.o(.bss)
    EP                                       0x20008514   Data          32  usb_pwr.o(.bss)
    Device_Info                              0x20008534   Data          28  usb_init.o(.bss)
    __initial_sp                             0x20008950   Data           0  startup_stm32f10x_hd.o(STACK)



==============================================================================

Memory Map of the image

  Image Entry point : 0x08000131

  Load Region LR_IROM1 (Base: 0x08000000, Size: 0x00012f98, Max: 0x0003c000, ABSOLUTE, COMPRESSED[0x00012d1c])

    Execution Region ER_IROM1 (Base: 0x08000000, Size: 0x00012bb0, Max: 0x0003c000, ABSOLUTE)

    Base Addr    Size         Type   Attr      Idx    E Section Name        Object

    0x08000000   0x00000130   Data   RO            3    RESET               startup_stm32f10x_hd.o
    0x08000130   0x00000000   Code   RO         1040  * .ARM.Collect$$$$00000000  mc_w.l(entry.o)
    0x08000130   0x00000004   Code   RO         1348    .ARM.Collect$$$$00000001  mc_w.l(entry2.o)
    0x08000134   0x00000004   Code   RO         1351    .ARM.Collect$$$$00000004  mc_w.l(entry5.o)
    0x08000138   0x00000000   Code   RO         1353    .ARM.Collect$$$$00000008  mc_w.l(entry7b.o)
    0x08000138   0x00000008   Code   RO         1354    .ARM.Collect$$$$00000009  mc_w.l(entry8.o)
    0x08000140   0x00000004   Code   RO         1349    .ARM.Collect$$$$00002712  mc_w.l(entry2.o)
    0x08000144   0x00000024   Code   RO            4    .text               startup_stm32f10x_hd.o
    0x08000168   0x000002e4   Code   RO           10    .text               stm32f10x_rcc.o
    0x0800044c   0x00000298   Code   RO           48    .text               stm32f10x_gpio.o
    0x080006e4   0x000000b4   Code   RO           60    .text               misc.o
    0x08000798   0x000000e8   Code   RO           75    .text               stm32f10x_exti.o
    0x08000880   0x00000b90   Code   RO           90    .text               stm32f10x_tim.o
    0x08001410   0x0000038c   Code   RO          105    .text               stm32f10x_usart.o
    0x0800179c   0x0000035c   Code   RO          120    .text               stm32f10x_adc.o
    0x08001af8   0x000001e4   Code   RO          135    .text               stm32f10x_dma.o
    0x08001cdc   0x00000494   Code   RO          150    .text               stm32f10x_flash.o
    0x08002170   0x0000015c   Code   RO          175    .text               system_stm32f10x.o
    0x080022cc   0x0000087c   Code   RO          200    .text               main.o
    0x08002b48   0x00000404   Code   RO          297    .text               pbdata.o
    0x08002f4c   0x000000d8   Code   RO          335    .text               stm32f10x_it.o
    0x08003024   0x00000864   Code   RO          383    .text               motor.o
    0x08003888   0x000000f0   Code   RO          402    .text               uart.o
    0x08003978   0x00000850   Code   RO          421    .text               ad.o
    0x080041c8   0x00000e44   Code   RO          443    .text               func.o
    0x0800500c   0x00000054   Code   RO          459    .text               crc32.o
    0x08005060   0x0000046c   Code   RO          478    .text               ds18b20.o
    0x080054cc   0x00000638   Code   RO          490    .text               heat.o
    0x08005b04   0x00000060   Code   RO          506    .text               usb_config.o
    0x08005b64   0x0000742e   Code   RO          525    .text               calibrate.o
    0x0800cf92   0x00000002   PAD
    0x0800cf94   0x00000530   Code   RO          549    .text               flash.o
    0x0800d4c4   0x00000078   Code   RO          564    .text               os_cpu_c.o
    0x0800d53c   0x000000b4   Code   RO          595    .text               os_cpu_a.o
    0x0800d5f0   0x000006a0   Code   RO          598    .text               os_core.o
    0x0800dc90   0x000006e4   Code   RO          622    .text               os_flag.o
    0x0800e374   0x00000538   Code   RO          668    .text               os_q.o
    0x0800e8ac   0x00000314   Code   RO          680    .text               os_sem.o
    0x0800ebc0   0x000006e0   Code   RO          692    .text               os_task.o
    0x0800f2a0   0x00000170   Code   RO          704    .text               os_time.o
    0x0800f410   0x000001a8   Code   RO          722    .text               hw_config.o
    0x0800f5b8   0x000000b0   Code   RO          775    .text               usb_endp.o
    0x0800f668   0x00000158   Code   RO          793    .text               usb_istr.o
    0x0800f7c0   0x0000000c   Code   RO          813    .text               usb_it.o
    0x0800f7cc   0x000001fc   Code   RO          831    .text               usb_prop.o
    0x0800f9c8   0x000001ac   Code   RO          856    .text               usb_pwr.o
    0x0800fb74   0x00000820   Code   RO          877    .text               usb_core.o
    0x08010394   0x00000028   Code   RO          919    .text               usb_init.o
    0x080103bc   0x00000214   Code   RO          945    .text               usb_int.o
    0x080105d0   0x00000048   Code   RO          969    .text               usb_mem.o
    0x08010618   0x000006dc   Code   RO          981    .text               usb_regs.o
    0x08010cf4   0x0000006c   Code   RO          993    .text               usb_sil.o
    0x08010d60   0x00000410   Code   RO         1005    .text               queue.o
    0x08011170   0x00000024   Code   RO         1043    .text               mc_w.l(memcpya.o)
    0x08011194   0x00000026   Code   RO         1045    .text               mc_w.l(memseta.o)
    0x080111ba   0x000000b0   Code   RO         1310    .text               mf_w.l(fadd.o)
    0x0801126a   0x0000006c   Code   RO         1312    .text               mf_w.l(fmul.o)
    0x080112d6   0x00000080   Code   RO         1314    .text               mf_w.l(fdiv.o)
    0x08011356   0x00000018   Code   RO         1316    .text               mf_w.l(fscalb.o)
    0x0801136e   0x000000e0   Code   RO         1318    .text               mf_w.l(dmul.o)
    0x0801144e   0x000000de   Code   RO         1320    .text               mf_w.l(ddiv.o)
    0x0801152c   0x0000002e   Code   RO         1322    .text               mf_w.l(dscalb.o)
    0x0801155a   0x00000012   Code   RO         1324    .text               mf_w.l(fflti.o)
    0x0801156c   0x0000000a   Code   RO         1326    .text               mf_w.l(ffltui.o)
    0x08011576   0x0000001a   Code   RO         1328    .text               mf_w.l(dfltui.o)
    0x08011590   0x00000028   Code   RO         1330    .text               mf_w.l(ffixui.o)
    0x080115b8   0x0000002c   Code   RO         1332    .text               mf_w.l(f2d.o)
    0x080115e4   0x00000038   Code   RO         1334    .text               mf_w.l(d2f.o)
    0x0801161c   0x00000014   Code   RO         1336    .text               mf_w.l(cfcmple.o)
    0x08011630   0x0000002c   Code   RO         1356    .text               mc_w.l(uidiv.o)
    0x0801165c   0x00000062   Code   RO         1358    .text               mc_w.l(uldiv.o)
    0x080116be   0x00000000   Code   RO         1367    .text               mc_w.l(iusefp.o)
    0x080116be   0x0000006c   Code   RO         1368    .text               mf_w.l(fepilogue.o)
    0x0801172a   0x000000be   Code   RO         1370    .text               mf_w.l(depilogue.o)
    0x080117e8   0x0000014c   Code   RO         1372    .text               mf_w.l(dadd.o)
    0x08011934   0x000000a2   Code   RO         1374    .text               mf_w.l(dsqrt.o)
    0x080119d6   0x00000022   Code   RO         1376    .text               mf_w.l(dflti.o)
    0x080119f8   0x00000030   Code   RO         1378    .text               mf_w.l(dfixul.o)
    0x08011a28   0x00000028   Code   RO         1380    .text               mf_w.l(cdcmple.o)
    0x08011a50   0x00000028   Code   RO         1382    .text               mf_w.l(cdrcmple.o)
    0x08011a78   0x00000024   Code   RO         1387    .text               mc_w.l(init.o)
    0x08011a9c   0x0000001e   Code   RO         1389    .text               mc_w.l(llshl.o)
    0x08011aba   0x00000020   Code   RO         1391    .text               mc_w.l(llushr.o)
    0x08011ada   0x00000024   Code   RO         1393    .text               mc_w.l(llsshr.o)
    0x08011afe   0x0000005c   Code   RO         1403    .text               mc_w.l(__dczerorl2.o)
    0x08011b5a   0x00000002   PAD
    0x08011b5c   0x00000020   Code   RO         1282    i.__0printf         mc_w.l(printfa.o)
    0x08011b7c   0x000000aa   Code   RO         1384    i.__kernel_poly     m_ws.l(poly.o)
    0x08011c26   0x0000000e   Code   RO         1397    i.__scatterload_copy  mc_w.l(handlers.o)
    0x08011c34   0x00000002   Code   RO         1398    i.__scatterload_null  mc_w.l(handlers.o)
    0x08011c36   0x0000000e   Code   RO         1399    i.__scatterload_zeroinit  mc_w.l(handlers.o)
    0x08011c44   0x0000000c   Code   RO         1362    i.__set_errno       mc_w.l(errno.o)
    0x08011c50   0x00000158   Code   RO         1289    i._fp_digits        mc_w.l(printfa.o)
    0x08011da8   0x00000704   Code   RO         1290    i._printf_core      mc_w.l(printfa.o)
    0x080124ac   0x00000026   Code   RO         1291    i._printf_post_padding  mc_w.l(printfa.o)
    0x080124d2   0x00000030   Code   RO         1292    i._printf_pre_padding  mc_w.l(printfa.o)
    0x08012502   0x00000002   PAD
    0x08012504   0x0000036c   Code   RO         1339    i.log               m_ws.l(log.o)
    0x08012870   0x000000f8   Code   RO         1025    i.log10             m_ws.l(log10.o)
    0x08012968   0x0000004c   Code   RO         1033    i.sqrt              m_ws.l(sqrt.o)
    0x080129b4   0x00000100   Data   RO          602    .constdata          os_core.o
    0x08012ab4   0x00000012   Data   RO          758    .constdata          usb_desc.o
    0x08012ac6   0x00000043   Data   RO          759    .constdata          usb_desc.o
    0x08012b09   0x00000004   Data   RO          760    .constdata          usb_desc.o
    0x08012b0d   0x00000018   Data   RO          761    .constdata          usb_desc.o
    0x08012b25   0x00000026   Data   RO          762    .constdata          usb_desc.o
    0x08012b4b   0x00000005   PAD
    0x08012b50   0x00000038   Data   RO         1340    .constdata          m_ws.l(log.o)
    0x08012b88   0x00000008   Data   RO         1386    .constdata          m_ws.l(qnan.o)
    0x08012b90   0x00000020   Data   RO         1395    Region$$Table       anon$$obj.o


    Execution Region RW_IRAM1 (Base: 0x20000000, Size: 0x00008950, Max: 0x0000c000, ABSOLUTE, COMPRESSED[0x0000016c])

    Base Addr    Size         Type   Attr      Idx    E Section Name        Object

    0x20000000   0x00000014   Data   RW           11    .data               stm32f10x_rcc.o
    0x20000014   0x00000014   Data   RW          176    .data               system_stm32f10x.o
    0x20000028   0x00000001   Data   RW          298    .data               pbdata.o
    0x20000029   0x00000001   Data   RW          299    .data               pbdata.o
    0x2000002a   0x00000001   Data   RW          300    .data               pbdata.o
    0x2000002b   0x00000001   Data   RW          301    .data               pbdata.o
    0x2000002c   0x00000001   Data   RW          302    .data               pbdata.o
    0x2000002d   0x00000001   Data   RW          303    .data               pbdata.o
    0x2000002e   0x00000001   Data   RW          304    .data               pbdata.o
    0x2000002f   0x00000001   Data   RW          305    .data               pbdata.o
    0x20000030   0x00000001   Data   RW          306    .data               pbdata.o
    0x20000031   0x00000001   Data   RW          307    .data               pbdata.o
    0x20000032   0x00000001   Data   RW          308    .data               pbdata.o
    0x20000033   0x00000001   Data   RW          309    .data               pbdata.o
    0x20000034   0x00000002   Data   RW          310    .data               pbdata.o
    0x20000036   0x00000001   Data   RW          311    .data               pbdata.o
    0x20000037   0x00000001   PAD
    0x20000038   0x00000004   Data   RW          317    .data               pbdata.o
    0x2000003c   0x00000004   Data   RW          318    .data               pbdata.o
    0x20000040   0x00000002   Data   RW          384    .data               motor.o
    0x20000042   0x00000003   Data   RW          404    .data               uart.o
    0x20000045   0x00000001   Data   RW          424    .data               ad.o
    0x20000046   0x00000001   Data   RW          425    .data               ad.o
    0x20000047   0x00000001   PAD
    0x20000048   0x0000000a   Data   RW          492    .data               heat.o
    0x20000052   0x00000003   Data   RW          508    .data               usb_config.o
    0x20000055   0x00000003   PAD
    0x20000058   0x00000204   Data   RW          527    .data               calibrate.o
    0x2000025c   0x00000001   Data   RW          528    .data               calibrate.o
    0x2000025d   0x00000003   PAD
    0x20000260   0x0000003c   Data   RW          603    .data               os_core.o
    0x2000029c   0x00000004   Data   RW          604    .data               os_core.o
    0x200002a0   0x00000004   Data   RW          605    .data               os_core.o
    0x200002a4   0x00000008   Data   RW          726    .data               hw_config.o
    0x200002ac   0x00000026   Data   RW          763    .data               usb_desc.o
    0x200002d2   0x00000002   PAD
    0x200002d4   0x00000008   Data   RW          777    .data               usb_endp.o
    0x200002dc   0x0000000c   Data   RW          794    .data               usb_istr.o
    0x200002e8   0x0000001c   Data   RW          795    .data               usb_istr.o
    0x20000304   0x0000001c   Data   RW          796    .data               usb_istr.o
    0x20000320   0x0000006c   Data   RW          832    .data               usb_prop.o
    0x2000038c   0x00000002   Data   RW          833    .data               usb_prop.o
    0x2000038e   0x00000002   PAD
    0x20000390   0x00000024   Data   RW          834    .data               usb_prop.o
    0x200003b4   0x00000004   Data   RW          858    .data               usb_pwr.o
    0x200003b8   0x00000001   Data   RW          859    .data               usb_pwr.o
    0x200003b9   0x00000003   PAD
    0x200003bc   0x00000008   Data   RW          860    .data               usb_pwr.o
    0x200003c4   0x00000004   Data   RW          878    .data               usb_core.o
    0x200003c8   0x00000001   Data   RW          921    .data               usb_init.o
    0x200003c9   0x00000003   PAD
    0x200003cc   0x0000000c   Data   RW          922    .data               usb_init.o
    0x200003d8   0x00000002   Data   RW          924    .data               usb_init.o
    0x200003da   0x00000004   Data   RW          946    .data               usb_int.o
    0x200003de   0x00000002   PAD
    0x200003e0   0x00000004   Data   RW         1355    .data               mc_w.l(stdout.o)
    0x200003e4   0x00000004   Data   RW         1363    .data               mc_w.l(errno.o)
    0x200003e8   0x00001c00   Zero   RW          201    .bss                main.o
    0x20001fe8   0x00000032   Zero   RW          403    .bss                uart.o
    0x2000201a   0x00000fc0   Zero   RW          422    .bss                ad.o
    0x20002fda   0x00000002   PAD
    0x20002fdc   0x00000400   Zero   RW          460    .bss                crc32.o
    0x200033dc   0x00000038   Zero   RW          491    .bss                heat.o
    0x20003414   0x000000c8   Zero   RW          507    .bss                usb_config.o
    0x200034dc   0x00002b18   Zero   RW          526    .bss                calibrate.o
    0x20005ff4   0x00001000   Zero   RW          550    .bss                flash.o
    0x20006ff4   0x000009b8   Zero   RW          599    .bss                os_core.o
    0x200079ac   0x00000050   Zero   RW          600    .bss                os_core.o
    0x200079fc   0x00000078   Zero   RW          601    .bss                os_core.o
    0x20007a74   0x00000a20   Zero   RW          723    .bss                hw_config.o
    0x20008494   0x00000080   Zero   RW          776    .bss                usb_endp.o
    0x20008514   0x00000020   Zero   RW          857    .bss                usb_pwr.o
    0x20008534   0x0000001c   Zero   RW          920    .bss                usb_init.o
    0x20008550   0x00000400   Zero   RW            1    STACK               startup_stm32f10x_hd.o


==============================================================================

Image component sizes


      Code (inc. data)   RO Data    RW Data    ZI Data      Debug   Object Name

      2128        300          0          2       4032       6648   ad.o
     29742       1018          0        517      11032      25871   calibrate.o
        84          8          0          0       1024       1134   crc32.o
      1132         54          0          0          0       4046   ds18b20.o
      1328        222          0          0       4096       5383   flash.o
      3652        636          0          0          0      14688   func.o
      1592         76          0         10         56       5159   heat.o
       424         34          0          8       2592       5033   hw_config.o
      2172        220          0          0       7168      14526   main.o
       180         16          0          0          0       3349   misc.o
      2148         40          0          2          0       6015   motor.o
      1696         76        256         68       2688      15231   os_core.o
       180         36          0          0          0        260   os_cpu_a.o
       120          0          0          0          0      10098   os_cpu_c.o
      1764         42          0          0          0      15312   os_flag.o
      1336         32          0          0          0       6105   os_q.o
       788         16          0          0          0       4134   os_sem.o
      1760         68          0          0          0       8281   os_task.o
       368         28          0          0          0       1858   os_time.o
      1028         38          0         23          0       4264   pbdata.o
      1040          0          0          0          0       6807   queue.o
        36          8        304          0       1024        752   startup_stm32f10x_hd.o
       860         24          0          0          0      20357   stm32f10x_adc.o
       484         10          0          0          0      14314   stm32f10x_dma.o
       232          8          0          0          0       4307   stm32f10x_exti.o
      1172         20          0          0          0      15126   stm32f10x_flash.o
       664         40          0          0          0       5997   stm32f10x_gpio.o
       216         26          0          0          0       4737   stm32f10x_it.o
       740         42          0         20          0     233244   stm32f10x_rcc.o
      2960         84          0          0          0      45012   stm32f10x_tim.o
       908         22          0          0          0      14840   stm32f10x_usart.o
       348         32          0         20          0       1655   system_stm32f10x.o
       240         14          0          3         50       2445   uart.o
        96         10          0          3        200       1375   usb_config.o
      2080         88          0          4          0      19799   usb_core.o
         0          0        151         38          0        899   usb_desc.o
       176         12          0          8        128       1412   usb_endp.o
        40         18          0         15         28       3666   usb_init.o
       532         26          0          4          0       1723   usb_int.o
       344         20          0         68          0       1475   usb_istr.o
        12          0          0          0          0        482   usb_it.o
        72          6          0          0          0       1286   usb_mem.o
       508         22          0        146          0       6879   usb_prop.o
       428         30          0         13         32       2767   usb_pwr.o
      1756         20          0          0          0      11441   usb_regs.o
       108          8          0          0          0       1214   usb_sil.o

    ----------------------------------------------------------------------
     69676       3550        748        992      34152     581406   Object Totals
         0          0         32          0          0          0   (incl. Generated)
         2          0          5         20          2          0   (incl. Padding)

    ----------------------------------------------------------------------

      Code (inc. data)   RO Data    RW Data    ZI Data      Debug   Library Member Name

       876         56         56          0          0        284   log.o
       248         34          0          0          0        128   log10.o
       170          0          0          0          0         96   poly.o
         0          0          8          0          0          0   qnan.o
        76          0          0          0          0         84   sqrt.o
        92          0          0          0          0          0   __dczerorl2.o
         0          0          0          0          0          0   entry.o
         8          4          0          0          0          0   entry2.o
         4          0          0          0          0          0   entry5.o
         0          0          0          0          0          0   entry7b.o
         8          4          0          0          0          0   entry8.o
        12          6          0          4          0         68   errno.o
        30          0          0          0          0          0   handlers.o
        36          8          0          0          0         68   init.o
         0          0          0          0          0          0   iusefp.o
        30          0          0          0          0         68   llshl.o
        36          0          0          0          0         68   llsshr.o
        32          0          0          0          0         68   llushr.o
        36          0          0          0          0         68   memcpya.o
        38          0          0          0          0        108   memseta.o
      2258         88          0          0          0        444   printfa.o
         0          0          0          4          0          0   stdout.o
        44          0          0          0          0         80   uidiv.o
        98          0          0          0          0         92   uldiv.o
        40          2          0          0          0         68   cdcmple.o
        40          2          0          0          0         68   cdrcmple.o
        20          0          0          0          0         68   cfcmple.o
        56          0          0          0          0         88   d2f.o
       332          0          0          0          0        148   dadd.o
       222          0          0          0          0        100   ddiv.o
       190          0          0          0          0        176   depilogue.o
        48          0          0          0          0         68   dfixul.o
        34          0          0          0          0         76   dflti.o
        26          0          0          0          0         76   dfltui.o
       224          0          0          0          0         96   dmul.o
        46          0          0          0          0         80   dscalb.o
       162          0          0          0          0        100   dsqrt.o
        44          0          0          0          0         68   f2d.o
       176          0          0          0          0        140   fadd.o
       128          0          0          0          0         88   fdiv.o
       108          0          0          0          0        168   fepilogue.o
        40          0          0          0          0         68   ffixui.o
        18          0          0          0          0         68   fflti.o
        10          0          0          0          0         68   ffltui.o
       108          0          0          0          0         76   fmul.o
        24          0          0          0          0         68   fscalb.o

    ----------------------------------------------------------------------
      6232        204         64          8          0       3748   Library Totals
         4          0          0          0          0          0   (incl. Padding)

    ----------------------------------------------------------------------

      Code (inc. data)   RO Data    RW Data    ZI Data      Debug   Library Name

      1370         90         64          0          0        592   m_ws.l
      2762        110          0          8          0       1132   mc_w.l
      2096          4          0          0          0       2024   mf_w.l

    ----------------------------------------------------------------------
      6232        204         64          8          0       3748   Library Totals

    ----------------------------------------------------------------------

==============================================================================


      Code (inc. data)   RO Data    RW Data    ZI Data      Debug   

     75908       3754        812       1000      34152     578810   Grand Totals
     75908       3754        812        364      34152     578810   ELF Image Totals (compressed)
     75908       3754        812        364          0          0   ROM Totals

==============================================================================

    Total RO  Size (Code + RO Data)                76720 (  74.92kB)
    Total RW  Size (RW Data + ZI Data)             35152 (  34.33kB)
    Total ROM Size (Code + RO Data + RW Data)      77084 (  75.28kB)

==============================================================================

