<html>
<body>
<pre>
<h1>µVision Build Log</h1>
<h2>Project:</h2>
F:\git\690_source_code\690_src_6std\680.uvproj
Project File Date:  05/15/2018

<h2>Output:</h2>
Rebuild target 'stm32_front'
assembling startup_stm32f10x_hd.s...
compiling stm32f10x_rcc.c...
compiling stm32f10x_gpio.c...
compiling misc.c...
compiling stm32f10x_exti.c...
compiling stm32f10x_tim.c...
compiling stm32f10x_usart.c...
compiling stm32f10x_adc.c...
compiling stm32f10x_dma.c...
compiling stm32f10x_flash.c...
compiling core_cm3.c...
compiling system_stm32f10x.c...
compiling main.c...
USR\main.c(85): warning:  #177-D: variable "Response_CMD" was declared but never referenced
compiling pbdata.c...
compiling stm32f10x_it.c...
compiling motor.c...
compiling uart.c...
USR\uart.c(110): warning:  #111-D: statement is unreachable
compiling ad.c...
USR\ad.c(630): warning:  #177-D: variable "j" was declared but never referenced
USR\ad.c(631): warning:  #177-D: variable "temp" was declared but never referenced
compiling func.c...
USR\func.c(309): warning:  #177-D: variable "cur_temp" was declared but never referenced
USR\func.c(310): warning:  #177-D: variable "Response_CMD" was declared but never referenced
USR\func.c(339): warning:  #177-D: variable "Response_CMD" was declared but never referenced
USR\func.c(363): warning:  #177-D: variable "Response_CMD" was declared but never referenced
USR\func.c(397): warning:  #177-D: variable "Response_CMD" was declared but never referenced
USR\func.c(416): warning:  #177-D: variable "Response_CMD" was declared but never referenced
USR\func.c(446): warning:  #177-D: variable "j" was declared but never referenced
USR\func.c(447): warning:  #177-D: variable "Response_CMD" was declared but never referenced
USR\func.c(466): warning:  #177-D: variable "j" was declared but never referenced
USR\func.c(467): warning:  #177-D: variable "Response_CMD" was declared but never referenced
USR\func.c(793): warning:  #186-D: pointless comparison of unsigned integer with zero
USR\func.c(790): warning:  #177-D: variable "f1" was declared but never referenced
USR\func.c(1322): warning:  #177-D: variable "ad_value" was declared but never referenced
USR\func.c(1468): warning:  #111-D: statement is unreachable
USR\func.c(1509): warning:  #940-D: missing return statement at end of non-void function "Func_Std_Target_Test"
USR\func.c(1524): warning:  #177-D: variable "addr" was declared but never referenced
USR\func.c(1723): warning:  #111-D: statement is unreachable
USR\func.c(1527): warning: C3017W: addr_array_t may be used before being set
USR\func.c(1526): warning: C3017W: addr_array_b may be used before being set
USR\func.c(1525): warning: C3017W: addr_array_k may be used before being set
compiling crc32.c...
compiling ds18b20.c...
USR\ds18b20.c(253): warning:  #940-D: missing return statement at end of non-void function "DS18B20_Configuration"
USR\ds18b20.c(430): warning:  #550-D: variable "sign" was set but never used
compiling heat.c...
compiling usb_config.c...
compiling calibrate.c...
USR\calibrate.c(2394): warning:  #550-D: variable "j" was set but never used
USR\calibrate.c(2931): warning: C3017W: std may be used before being set
USR\calibrate.c(2930): warning: C3017W: addr_array_t may be used before being set
USR\calibrate.c(2929): warning: C3017W: addr_array_b may be used before being set
USR\calibrate.c(2928): warning: C3017W: addr_array_k may be used before being set
compiling flash.c...
compiling os_cpu_c.c...
compiling os_dbg.c...
assembling os_cpu_a.asm...
compiling os_core.c...
compiling os_flag.c...
compiling os_mbox.c...
compiling os_mem.c...
compiling os_mutex.c...
compiling os_q.c...
compiling os_sem.c...
compiling os_task.c...
compiling os_time.c...
compiling os_tmr.c...
compiling hw_config.c...
compiling usb_desc.c...
compiling usb_endp.c...
compiling usb_istr.c...
compiling usb_it.c...
compiling usb_prop.c...
compiling usb_pwr.c...
compiling usb_core.c...
compiling usb_init.c...
compiling usb_int.c...
compiling usb_mem.c...
compiling usb_regs.c...
compiling usb_sil.c...
compiling Queue.c...
linking...
Program Size: Code=75908 RO-data=812 RW-data=1000 ZI-data=34152  
FromELF: creating hex file...
"680.axf" - 0 Error(s), 31 Warning(s).
